Component: ARM Compiler 5.06 update 6 (build 750) Tool: armlink [4d35ed]

==============================================================================

Section Cross References

    los_startup_keil.o(LOS_HEAP_INFO) refers to los_startup_keil.o(LOS_HEAP) for __los_heap_base
    los_startup_keil.o(RESET) refers to system_stm32l4xx.o(i.SystemInit) for SystemInit
    los_startup_keil.o(RESET) refers to entry.o(.ARM.Collect$$$$00000000) for __main
    system_stm32l4xx.o(i.SystemCoreClockUpdate) refers to system_stm32l4xx.o(.constdata) for MSIRangeTable
    system_stm32l4xx.o(i.SystemCoreClockUpdate) refers to system_stm32l4xx.o(.data) for SystemCoreClock
    gpio.o(i.MX_GPIO_Init) refers to stm32l4xx_hal_gpio.o(i.HAL_GPIO_WritePin) for HAL_GPIO_WritePin
    gpio.o(i.MX_GPIO_Init) refers to stm32l4xx_hal_gpio.o(i.HAL_GPIO_Init) for HAL_GPIO_Init
    gpio.o(i.MX_GPIO_Init) refers to stm32l4xx_hal_cortex.o(i.HAL_NVIC_SetPriority) for HAL_NVIC_SetPriority
    gpio.o(i.MX_GPIO_Init) refers to stm32l4xx_hal_cortex.o(i.HAL_NVIC_EnableIRQ) for HAL_NVIC_EnableIRQ
    delay.o(i.DelayInit) refers to system_stm32l4xx.o(.data) for SystemCoreClock
    delay.o(i.DelayInit) refers to delay.o(.data) for cpuclkfeq
    delay.o(i.Delayus) refers to delay.o(.data) for cpuclkfeq
    delay.o(i.delay_ms) refers to system_stm32l4xx.o(.data) for SystemCoreClock
    delay.o(i.delay_us) refers to system_stm32l4xx.o(.data) for SystemCoreClock
    i2c.o(i.HAL_I2C_MspDeInit) refers to stm32l4xx_hal_gpio.o(i.HAL_GPIO_DeInit) for HAL_GPIO_DeInit
    i2c.o(i.HAL_I2C_MspInit) refers to stm32l4xx_hal_gpio.o(i.HAL_GPIO_Init) for HAL_GPIO_Init
    i2c.o(i.MX_I2C1_Init) refers to stm32l4xx_hal_i2c.o(i.HAL_I2C_Init) for HAL_I2C_Init
    i2c.o(i.MX_I2C1_Init) refers to sys_init.o(i._Error_Handler) for _Error_Handler
    i2c.o(i.MX_I2C1_Init) refers to stm32l4xx_hal_i2c_ex.o(i.HAL_I2CEx_ConfigAnalogFilter) for HAL_I2CEx_ConfigAnalogFilter
    i2c.o(i.MX_I2C1_Init) refers to stm32l4xx_hal_i2c_ex.o(i.HAL_I2CEx_ConfigDigitalFilter) for HAL_I2CEx_ConfigDigitalFilter
    i2c.o(i.MX_I2C1_Init) refers to i2c.o(.bss) for hi2c1
    adc.o(i.HAL_ADC_MspDeInit) refers to stm32l4xx_hal_gpio.o(i.HAL_GPIO_DeInit) for HAL_GPIO_DeInit
    adc.o(i.HAL_ADC_MspInit) refers to stm32l4xx_hal_gpio.o(i.HAL_GPIO_Init) for HAL_GPIO_Init
    adc.o(i.MX_ADC1_Init) refers to stm32l4xx_hal_adc.o(i.HAL_ADC_Init) for HAL_ADC_Init
    adc.o(i.MX_ADC1_Init) refers to sys_init.o(i._Error_Handler) for _Error_Handler
    adc.o(i.MX_ADC1_Init) refers to stm32l4xx_hal_adc.o(i.HAL_ADC_ConfigChannel) for HAL_ADC_ConfigChannel
    adc.o(i.MX_ADC1_Init) refers to adc.o(.bss) for hadc1
    sys_init.o(i.HAL_GetTick) refers to los_sys.o(i.LOS_TickCountGet) for LOS_TickCountGet
    sys_init.o(i.SystemClock_Config) refers to stm32l4xx_hal_rcc.o(i.HAL_RCC_OscConfig) for HAL_RCC_OscConfig
    sys_init.o(i.SystemClock_Config) refers to sys_init.o(i._Error_Handler) for _Error_Handler
    sys_init.o(i.SystemClock_Config) refers to stm32l4xx_hal_rcc.o(i.HAL_RCC_ClockConfig) for HAL_RCC_ClockConfig
    sys_init.o(i.SystemClock_Config) refers to stm32l4xx_hal_rcc_ex.o(i.HAL_RCCEx_PeriphCLKConfig) for HAL_RCCEx_PeriphCLKConfig
    sys_init.o(i.SystemClock_Config) refers to stm32l4xx_hal_pwr_ex.o(i.HAL_PWREx_ControlVoltageScaling) for HAL_PWREx_ControlVoltageScaling
    oled.o(i.IIC_Start) refers to stm32l4xx_hal_gpio.o(i.HAL_GPIO_WritePin) for HAL_GPIO_WritePin
    oled.o(i.IIC_Stop) refers to stm32l4xx_hal_gpio.o(i.HAL_GPIO_WritePin) for HAL_GPIO_WritePin
    oled.o(i.IIC_Wait_Ack) refers to stm32l4xx_hal_gpio.o(i.HAL_GPIO_WritePin) for HAL_GPIO_WritePin
    oled.o(i.OLED_Clear) refers to oled.o(i.OLED_WR_Byte) for OLED_WR_Byte
    oled.o(i.OLED_Display_Off) refers to oled.o(i.OLED_WR_Byte) for OLED_WR_Byte
    oled.o(i.OLED_Display_On) refers to oled.o(i.OLED_WR_Byte) for OLED_WR_Byte
    oled.o(i.OLED_DrawBMP) refers to oled.o(i.OLED_Set_Pos) for OLED_Set_Pos
    oled.o(i.OLED_DrawBMP) refers to oled.o(i.OLED_WR_Byte) for OLED_WR_Byte
    oled.o(i.OLED_Init) refers to stm32l4xx_hal.o(i.HAL_Delay) for HAL_Delay
    oled.o(i.OLED_Init) refers to oled.o(i.OLED_WR_Byte) for OLED_WR_Byte
    oled.o(i.OLED_Init) refers to oled.o(i.OLED_Clear) for OLED_Clear
    oled.o(i.OLED_On) refers to oled.o(i.OLED_WR_Byte) for OLED_WR_Byte
    oled.o(i.OLED_Set_Pos) refers to oled.o(i.OLED_WR_Byte) for OLED_WR_Byte
    oled.o(i.OLED_ShowCHinese) refers to oled.o(i.OLED_Set_Pos) for OLED_Set_Pos
    oled.o(i.OLED_ShowCHinese) refers to oled.o(i.OLED_WR_Byte) for OLED_WR_Byte
    oled.o(i.OLED_ShowCHinese) refers to oled.o(.data) for Hzk
    oled.o(i.OLED_ShowChar) refers to oled.o(i.OLED_Set_Pos) for OLED_Set_Pos
    oled.o(i.OLED_ShowChar) refers to oled.o(i.OLED_WR_Byte) for OLED_WR_Byte
    oled.o(i.OLED_ShowChar) refers to oled.o(.constdata) for F8X16
    oled.o(i.OLED_ShowNum) refers to oled.o(i.oled_pow) for oled_pow
    oled.o(i.OLED_ShowNum) refers to oled.o(i.OLED_ShowChar) for OLED_ShowChar
[...]
    i.shell_put_backspace                    0x08007458   Section        0  shell_main.o(i.shell_put_backspace)
    shell_put_backspace                      0x08007459   Thumb Code    26  shell_main.o(i.shell_put_backspace)
    i.shell_put_char                         0x08007478   Section        0  shell_main.o(i.shell_put_char)
    shell_put_char                           0x08007479   Thumb Code    14  shell_main.o(i.shell_put_char)
    i.shell_put_index                        0x0800748c   Section        0  shell_main.o(i.shell_put_index)
    shell_put_index                          0x0800748d   Thumb Code    10  shell_main.o(i.shell_put_index)
    i.shell_put_space                        0x080074a4   Section        0  shell_main.o(i.shell_put_space)
    shell_put_space                          0x080074a5   Thumb Code    24  shell_main.o(i.shell_put_space)
    i.shell_put_string                       0x080074bc   Section        0  shell_main.o(i.shell_put_string)
    shell_put_string                         0x080074bd   Thumb Code    32  shell_main.o(i.shell_put_string)
    i.shell_server_entry                     0x080074dc   Section        0  shell_main.o(i.shell_server_entry)
    shell_server_entry                       0x080074dd   Thumb Code   884  shell_main.o(i.shell_server_entry)
    i.shell_taskinfo                         0x08007858   Section        0  shell_test.o(i.shell_taskinfo)
    shell_taskinfo                           0x08007859   Thumb Code    14  shell_test.o(i.shell_taskinfo)
    i.string2arg                             0x08007866   Section        0  string.o(i.string2arg)
    i.task_create                            0x080078dc   Section        0  task.o(i.task_create)
    i.task_sleepms                           0x0800792c   Section        0  task.o(i.task_sleepms)
    i.uart_at_init                           0x08007938   Section        0  uart_at.o(i.uart_at_init)
    i.uart_at_receive                        0x08007a20   Section        0  uart_at.o(i.uart_at_receive)
    i.uart_at_send                           0x08007adc   Section        0  uart_at.o(i.uart_at_send)
    i.uart_debug_init                        0x08007b18   Section        0  uart_debug.o(i.uart_debug_init)
    i.uart_debug_irq                         0x08007bc0   Section        0  uart_debug.o(i.uart_debug_irq)
    uart_debug_irq                           0x08007bc1   Thumb Code    66  uart_debug.o(i.uart_debug_irq)
    .constdata                               0x08007c10   Section       72  system_stm32l4xx.o(.constdata)
    .constdata                               0x08007c58   Section     2072  oled.o(.constdata)
    .constdata                               0x08008470   Section       20  los_hwi.o(.constdata)
    __FUNCTION__                             0x08008470   Data          20  los_hwi.o(.constdata)
    .constdata                               0x08008484   Section       52  app.o(.constdata)
    __FUNCTION__                             0x08008484   Data          23  app.o(.constdata)
    __FUNCTION__                             0x0800849b   Data          15  app.o(.constdata)
    __FUNCTION__                             0x080084aa   Data          14  app.o(.constdata)
    .constdata                               0x080084b8   Section       28  bc95.o(.constdata)
    __FUNCTION__                             0x080084b8   Data          13  bc95.o(.constdata)
    __FUNCTION__                             0x080084c5   Data          15  bc95.o(.constdata)
    .constdata                               0x080084d4   Section       13  uart_at.o(.constdata)
    __FUNCTION__                             0x080084d4   Data          13  uart_at.o(.constdata)
    .constdata                               0x080084e1   Section       11  at.o(.constdata)
    __FUNCTION__                             0x080084e1   Data          11  at.o(.constdata)
    .constdata                               0x080084ec   Section      129  ctype_o.o(.constdata)
    .constdata                               0x08008570   Section        4  ctype_o.o(.constdata)
    table                                    0x08008570   Data           4  ctype_o.o(.constdata)
    .conststring                             0x08008574   Section      233  los_task.o(.conststring)
    .conststring                             0x08008660   Section       66  uart_at.o(.conststring)
    .conststring                             0x080086a4   Section        8  shell_cmd.o(.conststring)
    .conststring                             0x080086ac   Section       24  shell_main.o(.conststring)
    .conststrlit                             0x080086c4   Section       79  app.o(.conststrlit)
    .conststrlit                             0x08008714   Section       26  bc95.o(.conststrlit)
    .conststrlit                             0x08008730   Section       11  uart_at.o(.conststrlit)
    .conststrlit                             0x0800873c   Section       73  at.o(.conststrlit)
    .conststrlit                             0x08008788   Section       21  shell_cmd.o(.conststrlit)
    .conststrlit                             0x080087a0   Section       21  shell_test.o(.conststrlit)
    LOS_HEAP_INFO                            0x080087b8   Section        8  los_startup_keil.o(LOS_HEAP_INFO)
    oshell                                   0x080087f0   Section       32  app.o(oshell)
    __oshell_shell_appsend                   0x080087f0   Data          16  app.o(oshell)
    __tagsym$$used                           0x080087f0   Number         0  app.o(oshell)
    __oshell_shell_appreport                 0x08008800   Data          16  app.o(oshell)
    __tagsym$$used                           0x08008800   Number         0  app.o(oshell)
    oshell                                   0x08008810   Section       16  bc95.o(oshell)
    __oshell_shell_bc95send                  0x08008810   Data          16  bc95.o(oshell)
    __tagsym$$used                           0x08008810   Number         0  bc95.o(oshell)
    oshell                                   0x08008820   Section       16  uart_at.o(oshell)
    __oshell___atio_debug                    0x08008820   Data          16  uart_at.o(oshell)
    __tagsym$$used                           0x08008820   Number         0  uart_at.o(oshell)
    oshell                                   0x08008830   Section       32  at.o(oshell)
    __oshell_shell_at                        0x08008830   Data          16  at.o(oshell)
    __tagsym$$used                           0x08008830   Number         0  at.o(oshell)
    __oshell_shell_atdebug                   0x08008840   Data          16  at.o(oshell)
    __tagsym$$used                           0x08008840   Number         0  at.o(oshell)
    oshell                                   0x08008850   Section       32  shell_cmd.o(oshell)
    __oshell_os_shell_version                0x08008850   Data          16  shell_cmd.o(oshell)
    __tagsym$$used                           0x08008850   Number         0  shell_cmd.o(oshell)
    __oshell_shell_cmd_help                  0x08008860   Data          16  shell_cmd.o(oshell)
    __tagsym$$used                           0x08008860   Number         0  shell_cmd.o(oshell)
    oshell                                   0x08008870   Section       32  shell_test.o(oshell)
    __oshell_shell_taskinfo                  0x08008870   Data          16  shell_test.o(oshell)
    __tagsym$$used                           0x08008870   Number         0  shell_test.o(oshell)
    __oshell_shell_heapinfo                  0x08008880   Data          16  shell_test.o(oshell)
    __tagsym$$used                           0x08008880   Number         0  shell_test.o(oshell)
    .data.vector                             0x20000000   Section     1024  los_hwi.o(.data.vector)
    .data                                    0x20000400   Section        4  system_stm32l4xx.o(.data)
    .data                                    0x20000404   Section        4  delay.o(.data)
    cpuclkfeq                                0x20000404   Data           4  delay.o(.data)
    .data                                    0x20000408   Section      384  oled.o(.data)
    .data                                    0x20000588   Section        8  bh1750.o(.data)
    .data                                    0x20000590   Section        8  los_priqueue.o(.data)
    g_uwPriQueueBitmap                       0x20000594   Data           4  los_priqueue.o(.data)
    .data                                    0x20000598   Section       72  los_task.o(.data)
    .data                                    0x200005e0   Section       28  los_tick.o(.data)
    .data                                    0x200005fc   Section        8  los_timeslice.o(.data)
    .data                                    0x20000604   Section       12  los_mux.o(.data)
    .data                                    0x20000610   Section       12  los_queue.o(.data)
    .data                                    0x2000061c   Section       12  los_sem.o(.data)
    .data                                    0x20000628   Section        4  los_memory.o(.data)
    .data                                    0x2000062c   Section        4  los_err.o(.data)
    .data                                    0x20000630   Section        4  los_init.o(.data)
    .data                                    0x20000634   Section        4  los_hwi.o(.data)
    .data                                    0x20000638   Section       12  app.o(.data)
    s_app_report                             0x20000638   Data           8  app.o(.data)
    s_led_state                              0x20000640   Data           4  app.o(.data)
    .data                                    0x20000644   Section        8  uart_at.o(.data)
    s_pUSART                                 0x20000644   Data           4  uart_at.o(.data)
    s_uwIRQn                                 0x20000648   Data           4  uart_at.o(.data)
    .data                                    0x2000064c   Section       12  uart_debug.o(.data)
    s_pUSART                                 0x2000064c   Data           4  uart_debug.o(.data)
    s_uwIRQn                                 0x20000650   Data           4  uart_debug.o(.data)
    s_uartdebug_rcv_sync                     0x20000654   Data           4  uart_debug.o(.data)
    .data                                    0x20000658   Section        8  shell_cmd.o(.data)
    gs_os_shell_type                         0x20000658   Data           8  shell_cmd.o(.data)
    .data                                    0x20000660   Section        4  shell_main.o(.data)
    gs_welcome_info                          0x20000660   Data           4  shell_main.o(.data)
    .data                                    0x20000664   Section        4  stdin.o(.data)
    .data                                    0x20000668   Section        4  stdout.o(.data)
    .data                                    0x2000066c   Section        4  errno.o(.data)
    _errno                                   0x2000066c   Data           4  errno.o(.data)
    .bss                                     0x20000670   Section       76  i2c.o(.bss)
    .bss                                     0x200006bc   Section      342  los_task.o(.bss)
    .bss                                     0x20000814   Section     1024  los_hwi.o(.bss)
    .bss                                     0x20000c14   Section      272  bc95.o(.bss)
    s_bc95_cb                                0x20000c14   Data         272  bc95.o(.bss)
    .bss                                     0x20000d24   Section      940  uart_at.o(.bss)
    at_usart                                 0x20000d24   Data         120  uart_at.o(.bss)
    g_atio_cb                                0x20000d9c   Data         820  uart_at.o(.bss)
    .bss                                     0x200010d0   Section      264  uart_debug.o(.bss)
    s_uartdebug_rcv_ring                     0x20001148   Data          16  uart_debug.o(.bss)
    s_uartdebug_rcv_ringmem                  0x20001158   Data         128  uart_debug.o(.bss)
    .bss                                     0x200011d8   Section      868  at.o(.bss)
    g_at_cb                                  0x200011d8   Data         868  at.o(.bss)
    .bss                                     0x2000153c   Section       84  shell_cmd.o(.bss)
    gs_shell_cb                              0x2000153c   Data          16  shell_cmd.o(.bss)
    tab_matches                              0x2000154c   Data          68  shell_cmd.o(.bss)
    LOS_HEAP                                 0x20001590   Section     1024  los_startup_keil.o(LOS_HEAP)
    __los_heap_base                          0x20001590   Data           0  los_startup_keil.o(LOS_HEAP)

    Global Symbols

    Symbol Name                              Value     Ov Type        Size  Object(Section)

    BuildAttributes$$THM_ISAv4$E$P$D$K$B$S$7EM$VFPi3$EXTD16$VFPS$VFMA$PE$A:L22UL41UL21$X:L11$S22US41US21$IEEE1$IW$USESV6$~STKCKD$USESV7$~SHL$OTIME$ROPI$EBA8$MICROLIB$REQ8$PRES8$EABIv2 0x00000000   Number         0  anon$$obj.o ABSOLUTE
    __ARM_use_no_argv                        0x00000000   Number         0  main.o ABSOLUTE
    _printf_a                                0x00000000   Number         0  stubs.o ABSOLUTE
    _printf_c                                0x00000000   Number         0  stubs.o ABSOLUTE
    _printf_charcount                        0x00000000   Number         0  stubs.o ABSOLUTE
    _printf_d                                0x00000000   Number         0  stubs.o ABSOLUTE
    _printf_e                                0x00000000   Number         0  stubs.o ABSOLUTE
    _printf_f                                0x00000000   Number         0  stubs.o ABSOLUTE
    _printf_flags                            0x00000000   Number         0  stubs.o ABSOLUTE
    _printf_fp_dec                           0x00000000   Number         0  stubs.o ABSOLUTE
    _printf_fp_hex                           0x00000000   Number         0  stubs.o ABSOLUTE
    _printf_g                                0x00000000   Number         0  stubs.o ABSOLUTE
    _printf_i                                0x00000000   Number         0  stubs.o ABSOLUTE
    _printf_int_dec                          0x00000000   Number         0  stubs.o ABSOLUTE
    _printf_l                                0x00000000   Number         0  stubs.o ABSOLUTE
    _printf_lc                               0x00000000   Number         0  stubs.o ABSOLUTE
    _printf_ll                               0x00000000   Number         0  stubs.o ABSOLUTE
    _printf_lld                              0x00000000   Number         0  stubs.o ABSOLUTE
    _printf_lli                              0x00000000   Number         0  stubs.o ABSOLUTE
    _printf_llo                              0x00000000   Number         0  stubs.o ABSOLUTE
    _printf_llu                              0x00000000   Number         0  stubs.o ABSOLUTE
    _printf_llx                              0x00000000   Number         0  stubs.o ABSOLUTE
    _printf_longlong_dec                     0x00000000   Number         0  stubs.o ABSOLUTE
    _printf_longlong_hex                     0x00000000   Number         0  stubs.o ABSOLUTE
    _printf_longlong_oct                     0x00000000   Number         0  stubs.o ABSOLUTE
    _printf_ls                               0x00000000   Number         0  stubs.o ABSOLUTE
    _printf_mbtowc                           0x00000000   Number         0  stubs.o ABSOLUTE
    _printf_n                                0x00000000   Number         0  stubs.o ABSOLUTE
    _printf_o                                0x00000000   Number         0  stubs.o ABSOLUTE
    _printf_p                                0x00000000   Number         0  stubs.o ABSOLUTE
    _printf_percent                          0x00000000   Number         0  stubs.o ABSOLUTE
    _printf_pre_padding                      0x00000000   Number         0  stubs.o ABSOLUTE
    _printf_return_value                     0x00000000   Number         0  stubs.o ABSOLUTE
    _printf_s                                0x00000000   Number         0  stubs.o ABSOLUTE
    _printf_sizespec                         0x00000000   Number         0  stubs.o ABSOLUTE
    _printf_str                              0x00000000   Number         0  stubs.o ABSOLUTE
    _printf_truncate_signed                  0x00000000   Number         0  stubs.o ABSOLUTE
    _printf_truncate_unsigned                0x00000000   Number         0  stubs.o ABSOLUTE
    _printf_u                                0x00000000   Number         0  stubs.o ABSOLUTE
    _printf_wc                               0x00000000   Number         0  stubs.o ABSOLUTE
    _printf_wctomb                           0x00000000   Number         0  stubs.o ABSOLUTE
    _printf_widthprec                        0x00000000   Number         0  stubs.o ABSOLUTE
    _printf_x                                0x00000000   Number         0  stubs.o ABSOLUTE
    __cpp_initialize__aeabi_                  - Undefined Weak Reference
    __cxa_finalize                            - Undefined Weak Reference
    _clock_init                               - Undefined Weak Reference
    _microlib_exit                            - Undefined Weak Reference
    _BootVectors                             0x08000000   Data           0  los_startup_keil.o(RESET)
    Reset_Handler                            0x08000009   Thumb Code     0  los_startup_keil.o(RESET)
    __main                                   0x0800002d   Thumb Code     0  entry.o(.ARM.Collect$$$$00000000)
    _main_stk                                0x0800002d   Thumb Code     0  entry3.o(.ARM.Collect$$$$00000002)
    _main_scatterload                        0x08000031   Thumb Code     0  entry5.o(.ARM.Collect$$$$00000004)
    __main_after_scatterload                 0x08000035   Thumb Code     0  entry5.o(.ARM.Collect$$$$00000004)
    _main_clock                              0x08000035   Thumb Code     0  entry7b.o(.ARM.Collect$$$$00000008)
    _main_cpp_init                           0x08000035   Thumb Code     0  entry8b.o(.ARM.Collect$$$$0000000A)
    _main_init                               0x08000035   Thumb Code     0  entry9a.o(.ARM.Collect$$$$0000000B)
    __rt_final_cpp                           0x0800003d   Thumb Code     0  entry10a.o(.ARM.Collect$$$$0000000D)
    __rt_final_exit                          0x0800003d   Thumb Code     0  entry11a.o(.ARM.Collect$$$$0000000F)
    LOS_StartToRun                           0x08000041   Thumb Code    76  los_dispatch_keil.o(.text)
    LOS_IntLock                              0x0800008d   Thumb Code     8  los_dispatch_keil.o(.text)
    LOS_IntUnLock                            0x08000095   Thumb Code     8  los_dispatch_keil.o(.text)
    LOS_IntRestore                           0x0800009d   Thumb Code     6  los_dispatch_keil.o(.text)
    osTaskSchedule                           0x080000a3   Thumb Code    10  los_dispatch_keil.o(.text)
    PendSV_Handler                           0x080000ad   Thumb Code   104  los_dispatch_keil.o(.text)
    __aeabi_uldivmod                         0x08000143   Thumb Code    98  uldiv.o(.text)
    __aeabi_memcpy                           0x080001ab   Thumb Code    36  memcpya.o(.text)
    __aeabi_memcpy4                          0x080001ab   Thumb Code     0  memcpya.o(.text)
    __aeabi_memcpy8                          0x080001ab   Thumb Code     0  memcpya.o(.text)
    __aeabi_memset                           0x080001cf   Thumb Code    14  memseta.o(.text)
    __aeabi_memset4                          0x080001cf   Thumb Code     0  memseta.o(.text)
    __aeabi_memset8                          0x080001cf   Thumb Code     0  memseta.o(.text)
    __aeabi_memclr                           0x080001dd   Thumb Code     4  memseta.o(.text)
    __aeabi_memclr4                          0x080001dd   Thumb Code     0  memseta.o(.text)
    __aeabi_memclr8                          0x080001dd   Thumb Code     0  memseta.o(.text)
    _memset$wrapper                          0x080001e1   Thumb Code    18  memseta.o(.text)
    strstr                                   0x080001f3   Thumb Code    36  strstr.o(.text)
    strncpy                                  0x08000217   Thumb Code    24  strncpy.o(.text)
    strlen                                   0x0800022f   Thumb Code    14  strlen.o(.text)
    strcmp                                   0x0800023d   Thumb Code    28  strcmp.o(.text)
    memcmp                                   0x08000259   Thumb Code    26  memcmp.o(.text)
    strcpy                                   0x08000273   Thumb Code    18  strcpy.o(.text)
    strncmp                                  0x08000285   Thumb Code    30  strncmp.o(.text)
    strtol                                   0x080002a3   Thumb Code   112  strtol.o(.text)
    strtoul                                  0x08000313   Thumb Code   114  strtoul.o(.text)
    __aeabi_ddiv                             0x0800038b   Thumb Code   222  ddiv.o(.text)
    __aeabi_ui2d                             0x08000469   Thumb Code    26  dfltui.o(.text)
    __aeabi_d2f                              0x08000483   Thumb Code    56  d2f.o(.text)
    __aeabi_llsl                             0x080004bb   Thumb Code    30  llshl.o(.text)
    _ll_shift_l                              0x080004bb   Thumb Code     0  llshl.o(.text)
    __aeabi_llsr                             0x080004d9   Thumb Code    32  llushr.o(.text)
    _ll_ushift_r                             0x080004d9   Thumb Code     0  llushr.o(.text)
    __rt_ctype_table                         0x080004f9   Thumb Code     4  ctype_o.o(.text)
    _strtoul                                 0x08000501   Thumb Code   158  _strtoul.o(.text)
    __I$use$fp                               0x080005a5   Thumb Code     0  iusefp.o(.text)
    _float_round                             0x080005a5   Thumb Code    18  fepilogue.o(.text)
    _float_epilogue                          0x080005b7   Thumb Code    92  fepilogue.o(.text)
    _double_round                            0x08000613   Thumb Code    30  depilogue.o(.text)
    _double_epilogue                         0x08000631   Thumb Code   156  depilogue.o(.text)
    __scatterload                            0x080006cd   Thumb Code    28  init.o(.text)
    __scatterload_rt2                        0x080006cd   Thumb Code     0  init.o(.text)
    _chval                                   0x080006f1   Thumb Code    28  _chval.o(.text)
    __decompress                             0x0800070d   Thumb Code     0  __dczerorl2.o(.text)
    __decompress1                            0x0800070d   Thumb Code    86  __dczerorl2.o(.text)
    Cmd_Write_BH1750                         0x08000763   Thumb Code    64  bh1750.o(i.Cmd_Write_BH1750)
    Convert_BH1750                           0x080007a5   Thumb Code    90  bh1750.o(i.Convert_BH1750)
    DelayInit                                0x08000815   Thumb Code    34  delay.o(i.DelayInit)
    HAL_Delay                                0x08000849   Thumb Code    32  stm32l4xx_hal.o(i.HAL_Delay)
    HAL_GPIO_Init                            0x08000869   Thumb Code   432  stm32l4xx_hal_gpio.o(i.HAL_GPIO_Init)
    HAL_GPIO_ReadPin                         0x08000a35   Thumb Code    16  stm32l4xx_hal_gpio.o(i.HAL_GPIO_ReadPin)
    HAL_GPIO_WritePin                        0x08000a45   Thumb Code    10  stm32l4xx_hal_gpio.o(i.HAL_GPIO_WritePin)
    HAL_GetTick                              0x08000a4f   Thumb Code     8  sys_init.o(i.HAL_GetTick)
    HAL_I2CEx_ConfigAnalogFilter             0x08000a57   Thumb Code   106  stm32l4xx_hal_i2c_ex.o(i.HAL_I2CEx_ConfigAnalogFilter)
    HAL_I2CEx_ConfigDigitalFilter            0x08000ac1   Thumb Code   106  stm32l4xx_hal_i2c_ex.o(i.HAL_I2CEx_ConfigDigitalFilter)
    HAL_I2C_Init                             0x08000b2d   Thumb Code   192  stm32l4xx_hal_i2c.o(i.HAL_I2C_Init)
    HAL_I2C_MspInit                          0x08000bf1   Thumb Code    76  i2c.o(i.HAL_I2C_MspInit)
    HAL_Init                                 0x08000c49   Thumb Code    22  stm32l4xx_hal.o(i.HAL_Init)
    HAL_InitTick                             0x08000c61   Thumb Code    36  stm32l4xx_hal.o(i.HAL_InitTick)
    HAL_MspInit                              0x08000c89   Thumb Code     2  stm32l4xx_hal.o(i.HAL_MspInit)
    HAL_NVIC_EnableIRQ                       0x08000c8b   Thumb Code    32  stm32l4xx_hal_cortex.o(i.HAL_NVIC_EnableIRQ)
    HAL_NVIC_SetPriority                     0x08000cab   Thumb Code   124  stm32l4xx_hal_cortex.o(i.HAL_NVIC_SetPriority)
    HAL_NVIC_SetPriorityGrouping             0x08000d2d   Thumb Code    32  stm32l4xx_hal_cortex.o(i.HAL_NVIC_SetPriorityGrouping)
    HAL_PWREx_ControlVoltageScaling          0x08000d55   Thumb Code   128  stm32l4xx_hal_pwr_ex.o(i.HAL_PWREx_ControlVoltageScaling)
    HAL_PWREx_GetVoltageRange                0x08000de1   Thumb Code    10  stm32l4xx_hal_pwr_ex.o(i.HAL_PWREx_GetVoltageRange)
    HAL_RCCEx_PeriphCLKConfig                0x08000df1   Thumb Code   896  stm32l4xx_hal_rcc_ex.o(i.HAL_RCCEx_PeriphCLKConfig)
    HAL_RCC_ClockConfig                      0x08001179   Thumb Code   458  stm32l4xx_hal_rcc.o(i.HAL_RCC_ClockConfig)
    HAL_RCC_GetHCLKFreq                      0x08001355   Thumb Code     6  stm32l4xx_hal_rcc.o(i.HAL_RCC_GetHCLKFreq)
    HAL_RCC_GetPCLK1Freq                     0x08001361   Thumb Code    22  stm32l4xx_hal_rcc.o(i.HAL_RCC_GetPCLK1Freq)
    HAL_RCC_GetPCLK2Freq                     0x08001381   Thumb Code    22  stm32l4xx_hal_rcc.o(i.HAL_RCC_GetPCLK2Freq)
    HAL_RCC_GetSysClockFreq                  0x080013a1   Thumb Code   252  stm32l4xx_hal_rcc.o(i.HAL_RCC_GetSysClockFreq)
    HAL_RCC_OscConfig                        0x080014ad   Thumb Code  1672  stm32l4xx_hal_rcc.o(i.HAL_RCC_OscConfig)
    HAL_SYSTICK_Config                       0x08001b41   Thumb Code    52  stm32l4xx_hal_cortex.o(i.HAL_SYSTICK_Config)
    HAL_UART_Init                            0x08001b75   Thumb Code   120  stm32l4xx_hal_uart.o(i.HAL_UART_Init)
    HAL_UART_MspInit                         0x08001bed   Thumb Code   262  usart.o(i.HAL_UART_MspInit)
    HAL_UART_Transmit                        0x08001d09   Thumb Code   240  stm32l4xx_hal_uart.o(i.HAL_UART_Transmit)
    HardWare_Init                            0x08001df9   Thumb Code    24  main.o(i.HardWare_Init)
    I2C_Ack                                  0x08001e11   Thumb Code    84  bh1750.o(i.I2C_Ack)
    I2C_NAck                                 0x08001ec1   Thumb Code    82  bh1750.o(i.I2C_NAck)
    I2C_ReadByte                             0x08001f19   Thumb Code   106  bh1750.o(i.I2C_ReadByte)
    I2C_SendByte                             0x08001f89   Thumb Code   124  bh1750.o(i.I2C_SendByte)
    I2C_Start                                0x08002009   Thumb Code    82  bh1750.o(i.I2C_Start)
    I2C_Stop                                 0x08002061   Thumb Code    82  bh1750.o(i.I2C_Stop)
    I2C_WaitAck                              0x080020b9   Thumb Code   102  bh1750.o(i.I2C_WaitAck)
    IIC_Start                                0x08002125   Thumb Code    48  oled.o(i.IIC_Start)
    IIC_Stop                                 0x08002159   Thumb Code    36  oled.o(i.IIC_Stop)
    IIC_Wait_Ack                             0x08002181   Thumb Code    26  oled.o(i.IIC_Wait_Ack)
    Init_BH1750                              0x080021a1   Thumb Code    14  bh1750.o(i.Init_BH1750)
    LOS_Align                                0x080021af   Thumb Code    28  los_misc.o(i.LOS_Align)
    LOS_ErrHandle                            0x080021cd   Thumb Code    58  los_err.o(i.LOS_ErrHandle)
    LOS_HwiCreate                            0x08002211   Thumb Code   168  los_hwi.o(i.LOS_HwiCreate)
    LOS_KernelInit                           0x080022d5   Thumb Code   152  los_init.o(i.LOS_KernelInit)
    LOS_MemAlloc                             0x08002475   Thumb Code    30  los_memory.o(i.LOS_MemAlloc)
    LOS_MemAllocAlign                        0x08002493   Thumb Code    20  los_memory.o(i.LOS_MemAllocAlign)
    LOS_MemFree                              0x080024a7   Thumb Code    38  los_memory.o(i.LOS_MemFree)
    LOS_MemInit                              0x080024cd   Thumb Code   176  los_memory.o(i.LOS_MemInit)
    LOS_MemPoolList                          0x080025c1   Thumb Code    28  los_memory.o(i.LOS_MemPoolList)
    LOS_MuxCreate                            0x080025e1   Thumb Code   132  los_mux.o(i.LOS_MuxCreate)
    LOS_MuxDelete                            0x08002685   Thumb Code   132  los_mux.o(i.LOS_MuxDelete)
    LOS_MuxPend                              0x0800272d   Thumb Code   312  los_mux.o(i.LOS_MuxPend)
    LOS_MuxPost                              0x080028b9   Thumb Code   202  los_mux.o(i.LOS_MuxPost)
    LOS_Schedule                             0x080029a9   Thumb Code    56  los_hw.o(i.LOS_Schedule)
    LOS_SemDelete                            0x080029e9   Thumb Code   124  los_sem.o(i.LOS_SemDelete)
    LOS_SemPend                              0x08002a89   Thumb Code   260  los_sem.o(i.LOS_SemPend)
    LOS_SemPost                              0x08002c05   Thumb Code   154  los_sem.o(i.LOS_SemPost)
    LOS_Start                                0x08002cc1   Thumb Code    38  los_init.o(i.LOS_Start)
    LOS_TaskCreate                           0x08002d05   Thumb Code   140  los_task.o(i.LOS_TaskCreate)
    LOS_TaskCreateOnly                       0x08002da1   Thumb Code   352  los_task.o(i.LOS_TaskCreateOnly)
    LOS_TaskDelay                            0x08002f1d   Thumb Code   106  los_task.o(i.LOS_TaskDelay)
    LOS_TaskDelete                           0x08002f99   Thumb Code   336  los_task.o(i.LOS_TaskDelete)
    LOS_TaskYield                            0x08003111   Thumb Code   134  los_task.o(i.LOS_TaskYield)
    LOS_TickCountGet                         0x080031a5   Thumb Code     6  los_sys.o(i.LOS_TickCountGet)
    MX_GPIO_Init                             0x080031b1   Thumb Code   326  gpio.o(i.MX_GPIO_Init)
    MX_I2C1_Init                             0x08003309   Thumb Code    86  i2c.o(i.MX_I2C1_Init)
    OLED_Clear                               0x0800337d   Thumb Code    62  oled.o(i.OLED_Clear)
    OLED_Init                                0x080033bb   Thumb Code   198  oled.o(i.OLED_Init)
    OLED_Set_Pos                             0x08003481   Thumb Code    40  oled.o(i.OLED_Set_Pos)
    OLED_ShowCHinese                         0x080034a9   Thumb Code    98  oled.o(i.OLED_ShowCHinese)
    OLED_ShowChar                            0x08003511   Thumb Code   154  oled.o(i.OLED_ShowChar)
    OLED_ShowString                          0x080035b5   Thumb Code    58  oled.o(i.OLED_ShowString)
    OLED_WR_Byte                             0x080035ef   Thumb Code    24  oled.o(i.OLED_WR_Byte)
    Read_BH1750                              0x08003835   Thumb Code    72  bh1750.o(i.Read_BH1750)
    Start_BH1750                             0x08003881   Thumb Code    16  bh1750.o(i.Start_BH1750)
    SystemClock_Config                       0x08003891   Thumb Code   202  sys_init.o(i.SystemClock_Config)
    SystemInit                               0x08003975   Thumb Code    68  system_stm32l4xx.o(i.SystemInit)
    UART_AdvFeatureConfig                    0x080039c5   Thumb Code   248  stm32l4xx_hal_uart.o(i.UART_AdvFeatureConfig)
    UART_CheckIdleState                      0x08003abd   Thumb Code   116  stm32l4xx_hal_uart.o(i.UART_CheckIdleState)
    UART_SetConfig                           0x08003b31   Thumb Code   970  stm32l4xx_hal_uart.o(i.UART_SetConfig)
    UART_WaitOnFlagUntilTimeout              0x08003f27   Thumb Code   108  stm32l4xx_hal_uart.o(i.UART_WaitOnFlagUntilTimeout)
    Write_IIC_Byte                           0x08003f95   Thumb Code    96  oled.o(i.Write_IIC_Byte)
    Write_IIC_Command                        0x08003ff9   Thumb Code    44  oled.o(i.Write_IIC_Command)
    Write_IIC_Data                           0x08004025   Thumb Code    44  oled.o(i.Write_IIC_Data)
    _Error_Handler                           0x08004051   Thumb Code     4  sys_init.o(i._Error_Handler)
    __0printf$8                              0x08004055   Thumb Code    22  printf8.o(i.__0printf$8)
    __1printf$8                              0x08004055   Thumb Code     0  printf8.o(i.__0printf$8)
    __2printf                                0x08004055   Thumb Code     0  printf8.o(i.__0printf$8)
    __0snprintf$8                            0x08004075   Thumb Code    44  printf8.o(i.__0snprintf$8)
    __1snprintf$8                            0x08004075   Thumb Code     0  printf8.o(i.__0snprintf$8)
    __2snprintf                              0x08004075   Thumb Code     0  printf8.o(i.__0snprintf$8)
    __0sprintf$8                             0x080040a5   Thumb Code    34  printf8.o(i.__0sprintf$8)
    __1sprintf$8                             0x080040a5   Thumb Code     0  printf8.o(i.__0sprintf$8)
    __2sprintf                               0x080040a5   Thumb Code     0  printf8.o(i.__0sprintf$8)
    __aeabi_errno_addr                       0x08004105   Thumb Code     4  errno.o(i.__aeabi_errno_addr)
    __rt_errno_addr                          0x08004105   Thumb Code     0  errno.o(i.__aeabi_errno_addr)
    __scatterload_copy                       0x08004479   Thumb Code    14  handlers.o(i.__scatterload_copy)
    __scatterload_null                       0x08004487   Thumb Code     2  handlers.o(i.__scatterload_null)
    __scatterload_zeroinit                   0x08004489   Thumb Code    14  handlers.o(i.__scatterload_zeroinit)
    app_main                                 0x08004921   Thumb Code    58  app.o(i.app_main)
    at_command                               0x08004975   Thumb Code    94  at.o(i.at_command)
    at_install                               0x080049e1   Thumb Code   242  at.o(i.at_install)
    at_oobregister                           0x08004b45   Thumb Code    54  at.o(i.at_oobregister)
    bc95_csq                                 0x08004c91   Thumb Code   134  bc95.o(i.bc95_csq)
    bc95_init                                0x08004d91   Thumb Code   252  bc95.o(i.bc95_init)
    bc95_regester_receivehandle              0x08005131   Thumb Code     8  bc95.o(i.bc95_regester_receivehandle)
    bc95_send                                0x0800513d   Thumb Code   150  bc95.o(i.bc95_send)
    delay_ms                                 0x080052e5   Thumb Code    32  delay.o(i.delay_ms)
    delay_us                                 0x0800530d   Thumb Code    30  delay.o(i.delay_us)
    fgetc                                    0x08005339   Thumb Code    46  uart_debug.o(i.fgetc)
    fputc                                    0x08005371   Thumb Code    22  uart_debug.o(i.fputc)
    getc                                     0x0800538d   Thumb Code     4  getc.o(i.getc)
    led_display                              0x08005391   Thumb Code    86  main.o(i.led_display)
    led_off                                  0x080053fd   Thumb Code    16  main.o(i.led_off)
    led_on                                   0x08005411   Thumb Code    14  main.o(i.led_on)
    main                                     0x08005425   Thumb Code    78  main.o(i.main)
    mutex_create                             0x08005489   Thumb Code    20  mutex.o(i.mutex_create)
    mutex_del                                0x0800549d   Thumb Code    20  mutex.o(i.mutex_del)
    mutex_lock                               0x080054b1   Thumb Code    24  mutex.o(i.mutex_lock)
    mutex_unlock                             0x080054c9   Thumb Code    20  mutex.o(i.mutex_unlock)
    osAlarmHeapInfo                          0x080054dd   Thumb Code   106  los_heap.o(i.osAlarmHeapInfo)
    osConvertTskStatus                       0x080055e9   Thumb Code    86  los_task.o(i.osConvertTskStatus)
    osGetAllTskInfo                          0x080056a1   Thumb Code   156  los_task.o(i.osGetAllTskInfo)
    osGetTaskWaterLine                       0x08005795   Thumb Code    92  los_task.o(i.osGetTaskWaterLine)
    osHeapAlloc                              0x08005821   Thumb Code   276  los_heap.o(i.osHeapAlloc)
    osHeapAllocAlign                         0x08005973   Thumb Code    90  los_heap.o(i.osHeapAllocAlign)
    osHeapFree                               0x080059cd   Thumb Code   274  los_heap.o(i.osHeapFree)
    osHeapGetHeapMemoryPeak                  0x08005b03   Thumb Code     8  los_heap.o(i.osHeapGetHeapMemoryPeak)
    osHeapInit                               0x08005b0b   Thumb Code    68  los_heap.o(i.osHeapInit)
    osHeapPrvGetNext                         0x08005b4f   Thumb Code    26  los_heap.o(i.osHeapPrvGetNext)
    osHeapStatisticsGet                      0x08005b69   Thumb Code    86  los_heap.o(i.osHeapStatisticsGet)
    osHwiDefaultHandler                      0x08005bc1   Thumb Code    30  los_hwi.o(i.osHwiDefaultHandler)
    osHwiInit                                0x08005bfd   Thumb Code    58  los_hwi.o(i.osHwiInit)
    osIdleTask                               0x08005c49   Thumb Code     4  los_task.o(i.osIdleTask)
    osIdleTaskCreate                         0x08005c4d   Thumb Code    54  los_task.o(i.osIdleTaskCreate)
    osIntNumGet                              0x08005c99   Thumb Code     8  los_hwi.o(i.osIntNumGet)
    osInterrupt                              0x08005ca1   Thumb Code    70  los_hwi.o(i.osInterrupt)
    osMemSystemInit                          0x08005cf1   Thumb Code    30  los_memory.o(i.osMemSystemInit)
    osMuxInit                                0x08005d19   Thumb Code    82  los_mux.o(i.osMuxInit)
    osPriqueueDequeue                        0x08005d7d   Thumb Code    66  los_priqueue.o(i.osPriqueueDequeue)
    osPriqueueEnqueue                        0x08005dc9   Thumb Code    64  los_priqueue.o(i.osPriqueueEnqueue)
    osPriqueueInit                           0x08005e11   Thumb Code    64  los_priqueue.o(i.osPriqueueInit)
    osPriqueueSize                           0x08005e59   Thumb Code    36  los_priqueue.o(i.osPriqueueSize)
    osPriqueueTop                            0x08005e81   Thumb Code    32  los_priqueue.o(i.osPriqueueTop)
    osQueueInit                              0x08005ea9   Thumb Code    96  los_queue.o(i.osQueueInit)
    osSchedule                               0x08005f25   Thumb Code     8  los_hw.o(i.osSchedule)
    osSemCreate                              0x08005f2d   Thumb Code   156  los_sem.o(i.osSemCreate)
    osSemInit                                0x08005ff1   Thumb Code    80  los_sem.o(i.osSemInit)
    osTaskAdd2TimerList                      0x08006051   Thumb Code   188  los_task.o(i.osTaskAdd2TimerList)
    osTaskEntry                              0x08006111   Thumb Code    40  los_task.o(i.osTaskEntry)
    osTaskExit                               0x08006141   Thumb Code     6  los_hw.o(i.osTaskExit)
    osTaskInit                               0x08006149   Thumb Code   212  los_task.o(i.osTaskInit)
    osTaskMonInit                            0x08006241   Thumb Code    32  los_task.o(i.osTaskMonInit)
    osTaskPriModify                          0x08006271   Thumb Code    56  los_task.o(i.osTaskPriModify)
    osTaskScan                               0x080062a9   Thumb Code   214  los_task.o(i.osTaskScan)
    osTaskSwitchCheck                        0x08006385   Thumb Code   238  los_task.o(i.osTaskSwitchCheck)
    osTaskWait                               0x08006509   Thumb Code    72  los_task.o(i.osTaskWait)
    osTaskWake                               0x08006555   Thumb Code    70  los_task.o(i.osTaskWake)
    osTickHandler                            0x0800659d   Thumb Code    30  los_tick.o(i.osTickHandler)
    osTickStart                              0x080065c1   Thumb Code   162  los_hw_tick.o(i.osTickStart)
    osTimerListDelete                        0x08006691   Thumb Code    66  los_task.o(i.osTimerListDelete)
    osTimesliceCheck                         0x080066d9   Thumb Code    64  los_timeslice.o(i.osTimesliceCheck)
    osTimesliceInit                          0x08006725   Thumb Code    12  los_timeslice.o(i.osTimesliceInit)
    osTskStackAlloc                          0x08006735   Thumb Code    28  los_hw.o(i.osTskStackAlloc)
    osTskStackInit                           0x08006755   Thumb Code   138  los_hw.o(i.osTskStackInit)
    putc                                     0x08006819   Thumb Code     4  putc.o(i.putc)
    ring_datalen                             0x080069f1   Thumb Code    12  ring.o(i.ring_datalen)
    ring_init                                0x080069fd   Thumb Code    28  ring.o(i.ring_init)
    ring_read                                0x08006a19   Thumb Code   164  ring.o(i.ring_read)
    ring_reset                               0x08006ac3   Thumb Code    18  ring.o(i.ring_reset)
    ring_write                               0x08006ad5   Thumb Code   232  ring.o(i.ring_write)
    semp_create                              0x08006bc3   Thumb Code    28  sem.o(i.semp_create)
    semp_del                                 0x08006bdf   Thumb Code    20  sem.o(i.semp_del)
    semp_pend                                0x08006bf3   Thumb Code    24  sem.o(i.semp_pend)
    semp_post                                0x08006c0b   Thumb Code    20  sem.o(i.semp_post)
    shell_cmd_execute                        0x08006ffd   Thumb Code   164  shell_cmd.o(i.shell_cmd_execute)
    shell_cmd_index                          0x0800720d   Thumb Code   176  shell_cmd.o(i.shell_cmd_index)
    shell_cmd_init                           0x080072c5   Thumb Code    26  shell_cmd.o(i.shell_cmd_init)
    shell_install                            0x080073d9   Thumb Code    30  shell_main.o(i.shell_install)
    string2arg                               0x08007867   Thumb Code   112  string.o(i.string2arg)
    task_create                              0x080078dd   Thumb Code    74  task.o(i.task_create)
    task_sleepms                             0x0800792d   Thumb Code    12  task.o(i.task_sleepms)
    uart_at_init                             0x08007939   Thumb Code   156  uart_at.o(i.uart_at_init)
    uart_at_receive                          0x08007a21   Thumb Code   174  uart_at.o(i.uart_at_receive)
    uart_at_send                             0x08007add   Thumb Code    50  uart_at.o(i.uart_at_send)
    uart_debug_init                          0x08007b19   Thumb Code   110  uart_debug.o(i.uart_debug_init)
    AHBPrescTable                            0x08007c10   Data          16  system_stm32l4xx.o(.constdata)
    APBPrescTable                            0x08007c20   Data           8  system_stm32l4xx.o(.constdata)
    MSIRangeTable                            0x08007c28   Data          48  system_stm32l4xx.o(.constdata)
    F6x8                                     0x08007c58   Data         552  oled.o(.constdata)
    F8X16                                    0x08007e80   Data        1520  oled.o(.constdata)
    __ctype_table                            0x080084ec   Data         129  ctype_o.o(.constdata)
    __LOS_HEAP_ADDR_START__                  0x080087b8   Data           0  los_startup_keil.o(LOS_HEAP_INFO)
    __LOS_HEAP_ADDR_END__                    0x080087bc   Data           0  los_startup_keil.o(LOS_HEAP_INFO)
    Region$$Table$$Base                      0x080087c0   Number         0  anon$$obj.o(Region$$Table)
    Region$$Table$$Limit                     0x080087f0   Number         0  anon$$obj.o(Region$$Table)
    oshell$$Base                             0x080087f0   Number         0  app.o(oshell)
    oshell$$Limit                            0x08008890   Number         0  shell_test.o(oshell)
    m_pstHwiForm                             0x20000000   Data        1024  los_hwi.o(.data.vector)
    SystemCoreClock                          0x20000400   Data           4  system_stm32l4xx.o(.data)
    Hzk                                      0x20000408   Data         384  oled.o(.data)
    result_lx                                0x20000588   Data           4  bh1750.o(.data)
    BUF                                      0x2000058c   Data           2  bh1750.o(.data)
    result                                   0x2000058e   Data           2  bh1750.o(.data)
    g_pstLosPriorityQueueList                0x20000590   Data           4  los_priqueue.o(.data)
    g_pstTaskCBArray                         0x20000598   Data           4  los_task.o(.data)
    g_stLosFreeTask                          0x2000059c   Data           8  los_task.o(.data)
    g_stTskRecyleList                        0x200005a4   Data           8  los_task.o(.data)
    g_stLosTask                              0x200005ac   Data           8  los_task.o(.data)
    g_usLosTaskLock                          0x200005b4   Data           2  los_task.o(.data)
    g_uwTskMaxNum                            0x200005b8   Data           4  los_task.o(.data)
    g_uwIdleTaskID                           0x200005bc   Data           4  los_task.o(.data)
    g_uwSwtmrTaskID                          0x200005c0   Data           4  los_task.o(.data)
    g_stTaskTimerList                        0x200005c4   Data           8  los_task.o(.data)
    g_stTskSortLink                          0x200005cc   Data           8  los_task.o(.data)
    g_bTaskScheduled                         0x200005d4   Data           4  los_task.o(.data)
    g_pfnTskSwitchHook                       0x200005d8   Data           4  los_task.o(.data)
    g_pfnUsrTskSwitchHook                    0x200005dc   Data           4  los_task.o(.data)
    g_ullTickCount                           0x200005e0   Data           8  los_tick.o(.data)
    g_uwTicksPerSec                          0x200005e8   Data           4  los_tick.o(.data)
    g_uwCyclePerSec                          0x200005ec   Data           4  los_tick.o(.data)
    g_uwCyclesPerTick                        0x200005f0   Data           4  los_tick.o(.data)
    g_uwSysClock                             0x200005f4   Data           4  los_tick.o(.data)
    g_bSysTickStart                          0x200005f8   Data           4  los_tick.o(.data)
    g_stTaskTimeSlice                        0x200005fc   Data           8  los_timeslice.o(.data)
    g_pstAllMux                              0x20000604   Data           4  los_mux.o(.data)
    g_stUnusedMuxList                        0x20000608   Data           8  los_mux.o(.data)
    g_pstAllQueue                            0x20000610   Data           4  los_queue.o(.data)
    g_stFreeQueueList                        0x20000614   Data           8  los_queue.o(.data)
    g_stUnusedSemList                        0x2000061c   Data           8  los_sem.o(.data)
    g_pstAllSem                              0x20000624   Data           4  los_sem.o(.data)
    g_pPoolHead                              0x20000628   Data           4  los_memory.o(.data)
    g_stUserErrFunc                          0x2000062c   Data           4  los_err.o(.data)
    m_aucSysMem0                             0x20000630   Data           4  los_init.o(.data)
    g_vuwIntCount                            0x20000634   Data           4  los_hwi.o(.data)
    __stdin                                  0x20000664   Data           4  stdin.o(.data)
    __stdout                                 0x20000668   Data           4  stdout.o(.data)
    hi2c1                                    0x20000670   Data          76  i2c.o(.bss)
    g_astTskSwitchInfo                       0x200006bc   Data         342  los_task.o(.bss)
    m_pstHwiSlaveForm                        0x20000814   Data        1024  los_hwi.o(.bss)
    uart_debug                               0x200010d0   Data         120  uart_debug.o(.bss)
    Image$$ARM_LIB_STACKHEAP$$ZI$$Base       0x2000fc00   Number         0  anon$$obj.o ABSOLUTE
    Image$$ARM_LIB_STACKHEAP$$ZI$$Limit      0x20010000   Number         0  anon$$obj.o ABSOLUTE



==============================================================================

Memory Map of the image

  Image Entry point : 0x0800002d

  Load Region LR_IROM1 (Base: 0x08000000, Size: 0x00008f00, Max: 0x00040000, ABSOLUTE, COMPRESSED[0x00008974])

    Execution Region ER_IROM1 (Exec base: 0x08000000, Load base: 0x08000000, Size: 0x00008890, Max: 0x00040000, ABSOLUTE)

    Exec Addr    Load Addr    Size         Type   Attr      Idx    E Section Name        Object

    0x08000000   0x08000000   0x0000002c   Code   RO            4    RESET               los_startup_keil.o
    0x0800002c   0x0800002c   0x00000000   Code   RO         6595  * .ARM.Collect$$$$00000000  mc_w.l(entry.o)
    0x0800002c   0x0800002c   0x00000004   Code   RO         6901    .ARM.Collect$$$$00000002  mc_w.l(entry3.o)
    0x08000030   0x08000030   0x00000004   Code   RO         6904    .ARM.Collect$$$$00000004  mc_w.l(entry5.o)
    0x08000034   0x08000034   0x00000000   Code   RO         6906    .ARM.Collect$$$$00000008  mc_w.l(entry7b.o)
    0x08000034   0x08000034   0x00000000   Code   RO         6908    .ARM.Collect$$$$0000000A  mc_w.l(entry8b.o)
    0x08000034   0x08000034   0x00000008   Code   RO         6909    .ARM.Collect$$$$0000000B  mc_w.l(entry9a.o)
    0x0800003c   0x0800003c   0x00000000   Code   RO         6911    .ARM.Collect$$$$0000000D  mc_w.l(entry10a.o)
    0x0800003c   0x0800003c   0x00000000   Code   RO         6913    .ARM.Collect$$$$0000000F  mc_w.l(entry11a.o)
    0x0800003c   0x0800003c   0x00000004   Code   RO         6902    .ARM.Collect$$$$00002713  mc_w.l(entry3.o)
    0x08000040   0x08000040   0x00000102   Code   RO         2730    .text               los_dispatch_keil.o
    0x08000142   0x08000142   0x00000068   Code   RO         6604    .text               mc_w.l(uldiv.o)
    0x080001aa   0x080001aa   0x00000024   Code   RO         6606    .text               mc_w.l(memcpya.o)
    0x080001ce   0x080001ce   0x00000024   Code   RO         6608    .text               mc_w.l(memseta.o)
    0x080001f2   0x080001f2   0x00000024   Code   RO         6610    .text               mc_w.l(strstr.o)
    0x08000216   0x08000216   0x00000018   Code   RO         6612    .text               mc_w.l(strncpy.o)
    0x0800022e   0x0800022e   0x0000000e   Code   RO         6614    .text               mc_w.l(strlen.o)
    0x0800023c   0x0800023c   0x0000001c   Code   RO         6616    .text               mc_w.l(strcmp.o)
    0x08000258   0x08000258   0x0000001a   Code   RO         6618    .text               mc_w.l(memcmp.o)
    0x08000272   0x08000272   0x00000012   Code   RO         6620    .text               mc_w.l(strcpy.o)
    0x08000284   0x08000284   0x0000001e   Code   RO         6622    .text               mc_w.l(strncmp.o)
    0x080002a2   0x080002a2   0x00000070   Code   RO         6887    .text               mc_w.l(strtol.o)
    0x08000312   0x08000312   0x00000078   Code   RO         6889    .text               mc_w.l(strtoul.o)
    0x0800038a   0x0800038a   0x000000de   Code   RO         6891    .text               mf_w.l(ddiv.o)
    0x08000468   0x08000468   0x0000001a   Code   RO         6893    .text               mf_w.l(dfltui.o)
    0x08000482   0x08000482   0x00000038   Code   RO         6899    .text               mf_w.l(d2f.o)
    0x080004ba   0x080004ba   0x0000001e   Code   RO         6917    .text               mc_w.l(llshl.o)
    0x080004d8   0x080004d8   0x00000020   Code   RO         6919    .text               mc_w.l(llushr.o)
    0x080004f8   0x080004f8   0x00000008   Code   RO         6921    .text               mc_w.l(ctype_o.o)
    0x08000500   0x08000500   0x000000a4   Code   RO         6956    .text               mc_w.l(_strtoul.o)
    0x080005a4   0x080005a4   0x00000000   Code   RO         6958    .text               mc_w.l(iusefp.o)
    0x080005a4   0x080005a4   0x0000006e   Code   RO         6959    .text               mf_w.l(fepilogue.o)
    0x08000612   0x08000612   0x000000ba   Code   RO         6961    .text               mf_w.l(depilogue.o)
    0x080006cc   0x080006cc   0x00000024   Code   RO         6969    .text               mc_w.l(init.o)
    0x080006f0   0x080006f0   0x0000001c   Code   RO         6973    .text               mc_w.l(_chval.o)
    0x0800070c   0x0800070c   0x00000056   Code   RO         6983    .text               mc_w.l(__dczerorl2.o)
    0x08000762   0x08000762   0x00000040   Code   RO          624    i.Cmd_Write_BH1750  bh1750.o
    0x080007a2   0x080007a2   0x00000002   PAD
    0x080007a4   0x080007a4   0x00000070   Code   RO          625    i.Convert_BH1750    bh1750.o
    0x08000814   0x08000814   0x00000034   Code   RO          246    i.DelayInit         delay.o
    0x08000848   0x08000848   0x00000020   Code   RO         3857    i.HAL_Delay         stm32l4xx_hal.o
    0x08000868   0x08000868   0x000001cc   Code   RO         4995    i.HAL_GPIO_Init     stm32l4xx_hal_gpio.o
    0x08000a34   0x08000a34   0x00000010   Code   RO         4997    i.HAL_GPIO_ReadPin  stm32l4xx_hal_gpio.o
    0x08000a44   0x08000a44   0x0000000a   Code   RO         4999    i.HAL_GPIO_WritePin  stm32l4xx_hal_gpio.o
    0x08000a4e   0x08000a4e   0x00000008   Code   RO          377    i.HAL_GetTick       sys_init.o
    0x08000a56   0x08000a56   0x0000006a   Code   RO         5486    i.HAL_I2CEx_ConfigAnalogFilter  stm32l4xx_hal_i2c_ex.o
    0x08000ac0   0x08000ac0   0x0000006a   Code   RO         5487    i.HAL_I2CEx_ConfigDigitalFilter  stm32l4xx_hal_i2c_ex.o
    0x08000b2a   0x08000b2a   0x00000002   PAD
    0x08000b2c   0x08000b2c   0x000000c4   Code   RO         5069    i.HAL_I2C_Init      stm32l4xx_hal_i2c.o
    0x08000bf0   0x08000bf0   0x00000058   Code   RO          294    i.HAL_I2C_MspInit   i2c.o
    0x08000c48   0x08000c48   0x00000016   Code   RO         3866    i.HAL_Init          stm32l4xx_hal.o
    0x08000c5e   0x08000c5e   0x00000002   PAD
    0x08000c60   0x08000c60   0x00000028   Code   RO         3867    i.HAL_InitTick      stm32l4xx_hal.o
    0x08000c88   0x08000c88   0x00000002   Code   RO         3869    i.HAL_MspInit       stm32l4xx_hal.o
    0x08000c8a   0x08000c8a   0x00000020   Code   RO         4500    i.HAL_NVIC_EnableIRQ  stm32l4xx_hal_cortex.o
    0x08000caa   0x08000caa   0x00000082   Code   RO         4506    i.HAL_NVIC_SetPriority  stm32l4xx_hal_cortex.o
    0x08000d2c   0x08000d2c   0x00000028   Code   RO         4507    i.HAL_NVIC_SetPriorityGrouping  stm32l4xx_hal_cortex.o
    0x08000d54   0x08000d54   0x0000008c   Code   RO         5655    i.HAL_PWREx_ControlVoltageScaling  stm32l4xx_hal_pwr_ex.o
    0x08000de0   0x08000de0   0x00000010   Code   RO         5678    i.HAL_PWREx_GetVoltageRange  stm32l4xx_hal_pwr_ex.o
    0x08000df0   0x08000df0   0x00000388   Code   RO         5963    i.HAL_RCCEx_PeriphCLKConfig  stm32l4xx_hal_rcc_ex.o
    0x08001178   0x08001178   0x000001dc   Code   RO         5841    i.HAL_RCC_ClockConfig  stm32l4xx_hal_rcc.o
    0x08001354   0x08001354   0x0000000c   Code   RO         5845    i.HAL_RCC_GetHCLKFreq  stm32l4xx_hal_rcc.o
    0x08001360   0x08001360   0x00000020   Code   RO         5847    i.HAL_RCC_GetPCLK1Freq  stm32l4xx_hal_rcc.o
    0x08001380   0x08001380   0x00000020   Code   RO         5848    i.HAL_RCC_GetPCLK2Freq  stm32l4xx_hal_rcc.o
    0x080013a0   0x080013a0   0x0000010c   Code   RO         5849    i.HAL_RCC_GetSysClockFreq  stm32l4xx_hal_rcc.o
    0x080014ac   0x080014ac   0x00000694   Code   RO         5852    i.HAL_RCC_OscConfig  stm32l4xx_hal_rcc.o
    0x08001b40   0x08001b40   0x00000034   Code   RO         4511    i.HAL_SYSTICK_Config  stm32l4xx_hal_cortex.o
    0x08001b74   0x08001b74   0x00000078   Code   RO         6176    i.HAL_UART_Init     stm32l4xx_hal_uart.o
    0x08001bec   0x08001bec   0x0000011c   Code   RO         2912    i.HAL_UART_MspInit  usart.o
    0x08001d08   0x08001d08   0x000000f0   Code   RO         6184    i.HAL_UART_Transmit  stm32l4xx_hal_uart.o
    0x08001df8   0x08001df8   0x00000018   Code   RO         2965    i.HardWare_Init     main.o
    0x08001e10   0x08001e10   0x00000058   Code   RO          626    i.I2C_Ack           bh1750.o
    0x08001e68   0x08001e68   0x00000058   Code   RO          628    i.I2C_InitGPIO      bh1750.o
    0x08001ec0   0x08001ec0   0x00000058   Code   RO          629    i.I2C_NAck          bh1750.o
    0x08001f18   0x08001f18   0x00000070   Code   RO          630    i.I2C_ReadByte      bh1750.o
    0x08001f88   0x08001f88   0x00000080   Code   RO          631    i.I2C_SendByte      bh1750.o
    0x08002008   0x08002008   0x00000058   Code   RO          632    i.I2C_Start         bh1750.o
    0x08002060   0x08002060   0x00000058   Code   RO          633    i.I2C_Stop          bh1750.o
    0x080020b8   0x080020b8   0x0000006c   Code   RO          634    i.I2C_WaitAck       bh1750.o
    0x08002124   0x08002124   0x00000034   Code   RO          479    i.IIC_Start         oled.o
    0x08002158   0x08002158   0x00000028   Code   RO          480    i.IIC_Stop          oled.o
    0x08002180   0x08002180   0x00000020   Code   RO          481    i.IIC_Wait_Ack      oled.o
    0x080021a0   0x080021a0   0x0000000e   Code   RO          635    i.Init_BH1750       bh1750.o
    0x080021ae   0x080021ae   0x0000001c   Code   RO         2509    i.LOS_Align         los_misc.o
    0x080021ca   0x080021ca   0x00000002   PAD
    0x080021cc   0x080021cc   0x00000044   Code   RO         2539    i.LOS_ErrHandle     los_err.o
    0x08002210   0x08002210   0x000000c4   Code   RO         2840    i.LOS_HwiCreate     los_hwi.o
    0x080022d4   0x080022d4   0x000000ec   Code   RO         2572    i.LOS_KernelInit    los_init.o
    0x080023c0   0x080023c0   0x0000000e   Code   RO         1386    i.LOS_ListAdd       los_task.o
    0x080023ce   0x080023ce   0x0000000e   Code   RO         1839    i.LOS_ListAdd       los_mux.o
    0x080023dc   0x080023dc   0x0000000e   Code   RO         1928    i.LOS_ListAdd       los_queue.o
    0x080023ea   0x080023ea   0x0000000e   Code   RO         2061    i.LOS_ListAdd       los_sem.o
    0x080023f8   0x080023f8   0x00000014   Code   RO         1387    i.LOS_ListDelete    los_task.o
    0x0800240c   0x0800240c   0x00000010   Code   RO         1219    i.LOS_ListEmpty     los_priqueue.o
    0x0800241c   0x0800241c   0x00000010   Code   RO         1388    i.LOS_ListEmpty     los_task.o
    0x0800242c   0x0800242c   0x00000010   Code   RO         1840    i.LOS_ListEmpty     los_mux.o
    0x0800243c   0x0800243c   0x00000010   Code   RO         2062    i.LOS_ListEmpty     los_sem.o
    0x0800244c   0x0800244c   0x00000006   Code   RO         1389    i.LOS_ListInit      los_task.o
    0x08002452   0x08002452   0x00000006   Code   RO         1841    i.LOS_ListInit      los_mux.o
    0x08002458   0x08002458   0x00000006   Code   RO         1930    i.LOS_ListInit      los_queue.o
    0x0800245e   0x0800245e   0x00000006   Code   RO         2063    i.LOS_ListInit      los_sem.o
    0x08002464   0x08002464   0x00000010   Code   RO         1390    i.LOS_ListTailInsert  los_task.o
    0x08002474   0x08002474   0x0000001e   Code   RO         2216    i.LOS_MemAlloc      los_memory.o
    0x08002492   0x08002492   0x00000014   Code   RO         2217    i.LOS_MemAllocAlign  los_memory.o
    0x080024a6   0x080024a6   0x00000026   Code   RO         2219    i.LOS_MemFree       los_memory.o
    0x080024cc   0x080024cc   0x000000f2   Code   RO         2221    i.LOS_MemInit       los_memory.o
    0x080025be   0x080025be   0x00000002   PAD
    0x080025c0   0x080025c0   0x00000020   Code   RO         2222    i.LOS_MemPoolList   los_memory.o
    0x080025e0   0x080025e0   0x000000a4   Code   RO         1842    i.LOS_MuxCreate     los_mux.o
    0x08002684   0x08002684   0x000000a8   Code   RO         1843    i.LOS_MuxDelete     los_mux.o
    0x0800272c   0x0800272c   0x0000018c   Code   RO         1844    i.LOS_MuxPend       los_mux.o
    0x080028b8   0x080028b8   0x000000f0   Code   RO         1845    i.LOS_MuxPost       los_mux.o
    0x080029a8   0x080029a8   0x00000040   Code   RO         2737    i.LOS_Schedule      los_hw.o
    0x080029e8   0x080029e8   0x000000a0   Code   RO         2065    i.LOS_SemDelete     los_sem.o
    0x08002a88   0x08002a88   0x0000017c   Code   RO         2066    i.LOS_SemPend       los_sem.o
    0x08002c04   0x08002c04   0x000000bc   Code   RO         2067    i.LOS_SemPost       los_sem.o
    0x08002cc0   0x08002cc0   0x00000044   Code   RO         2574    i.LOS_Start         los_init.o
    0x08002d04   0x08002d04   0x0000009c   Code   RO         1393    i.LOS_TaskCreate    los_task.o
    0x08002da0   0x08002da0   0x0000017c   Code   RO         1394    i.LOS_TaskCreateOnly  los_task.o
    0x08002f1c   0x08002f1c   0x0000007c   Code   RO         1395    i.LOS_TaskDelay     los_task.o
    0x08002f98   0x08002f98   0x00000178   Code   RO         1396    i.LOS_TaskDelete    los_task.o
    0x08003110   0x08003110   0x00000094   Code   RO         1409    i.LOS_TaskYield     los_task.o
    0x080031a4   0x080031a4   0x0000000c   Code   RO         1329    i.LOS_TickCountGet  los_sys.o
    0x080031b0   0x080031b0   0x00000158   Code   RO          215    i.MX_GPIO_Init      gpio.o
    0x08003308   0x08003308   0x00000074   Code   RO          295    i.MX_I2C1_Init      i2c.o
    0x0800337c   0x0800337c   0x0000003e   Code   RO          482    i.OLED_Clear        oled.o
    0x080033ba   0x080033ba   0x000000c6   Code   RO          486    i.OLED_Init         oled.o
    0x08003480   0x08003480   0x00000028   Code   RO          488    i.OLED_Set_Pos      oled.o
    0x080034a8   0x080034a8   0x00000068   Code   RO          489    i.OLED_ShowCHinese  oled.o
    0x08003510   0x08003510   0x000000a4   Code   RO          490    i.OLED_ShowChar     oled.o
    0x080035b4   0x080035b4   0x0000003a   Code   RO          492    i.OLED_ShowString   oled.o
    0x080035ee   0x080035ee   0x00000018   Code   RO          493    i.OLED_WR_Byte      oled.o
    0x08003606   0x08003606   0x00000002   PAD
    0x08003608   0x08003608   0x0000018c   Code   RO         5966    i.RCCEx_PLLSAI1_Config  stm32l4xx_hal_rcc_ex.o
    0x08003794   0x08003794   0x000000a0   Code   RO         5853    i.RCC_SetFlashLatencyFromMSIRange  stm32l4xx_hal_rcc.o
    0x08003834   0x08003834   0x0000004c   Code   RO          636    i.Read_BH1750       bh1750.o
    0x08003880   0x08003880   0x00000010   Code   RO          637    i.Start_BH1750      bh1750.o
    0x08003890   0x08003890   0x000000e4   Code   RO          378    i.SystemClock_Config  sys_init.o
    0x08003974   0x08003974   0x00000050   Code   RO           13    i.SystemInit        system_stm32l4xx.o
    0x080039c4   0x080039c4   0x000000f8   Code   RO         6189    i.UART_AdvFeatureConfig  stm32l4xx_hal_uart.o
    0x08003abc   0x08003abc   0x00000074   Code   RO         6190    i.UART_CheckIdleState  stm32l4xx_hal_uart.o
    0x08003b30   0x08003b30   0x000003f6   Code   RO         6205    i.UART_SetConfig    stm32l4xx_hal_uart.o
    0x08003f26   0x08003f26   0x0000006c   Code   RO         6207    i.UART_WaitOnFlagUntilTimeout  stm32l4xx_hal_uart.o
    0x08003f92   0x08003f92   0x00000002   PAD
    0x08003f94   0x08003f94   0x00000064   Code   RO          494    i.Write_IIC_Byte    oled.o
    0x08003ff8   0x08003ff8   0x0000002c   Code   RO          495    i.Write_IIC_Command  oled.o
    0x08004024   0x08004024   0x0000002c   Code   RO          496    i.Write_IIC_Data    oled.o
    0x08004050   0x08004050   0x00000004   Code   RO          379    i._Error_Handler    sys_init.o
    0x08004054   0x08004054   0x00000020   Code   RO         6833    i.__0printf$8       mc_w.l(printf8.o)
    0x08004074   0x08004074   0x00000030   Code   RO         6834    i.__0snprintf$8     mc_w.l(printf8.o)
    0x080040a4   0x080040a4   0x00000028   Code   RO         6835    i.__0sprintf$8      mc_w.l(printf8.o)
    0x080040cc   0x080040cc   0x00000010   Code   RO         4513    i.__NVIC_GetPriorityGrouping  stm32l4xx_hal_cortex.o
    0x080040dc   0x080040dc   0x00000028   Code   RO         4514    i.__NVIC_SetPriority  stm32l4xx_hal_cortex.o
    0x08004104   0x08004104   0x00000008   Code   RO         6949    i.__aeabi_errno_addr  mc_w.l(errno.o)
    0x0800410c   0x0800410c   0x00000078   Code   RO         3166    i.__atio_debug      uart_at.o
    0x08004184   0x08004184   0x00000030   Code   RO         3270    i.__cmd_clear       at.o
    0x080041b4   0x080041b4   0x0000005a   Code   RO         3271    i.__cmd_create      at.o
    0x0800420e   0x0800420e   0x00000002   PAD
    0x08004210   0x08004210   0x00000064   Code   RO         3272    i.__cmd_match       at.o
    0x08004274   0x08004274   0x000000a8   Code   RO         3273    i.__cmd_send        at.o
    0x0800431c   0x0800431c   0x00000054   Code   RO         3274    i.__oob_match       at.o
    0x08004370   0x08004370   0x00000060   Code   RO         3275    i.__rcv_task_entry  at.o
    0x080043d0   0x080043d0   0x000000a8   Code   RO         3276    i.__resp_rcv        at.o
    0x08004478   0x08004478   0x0000000e   Code   RO         6977    i.__scatterload_copy  mc_w.l(handlers.o)
    0x08004486   0x08004486   0x00000002   Code   RO         6978    i.__scatterload_null  mc_w.l(handlers.o)
    0x08004488   0x08004488   0x0000000e   Code   RO         6979    i.__scatterload_zeroinit  mc_w.l(handlers.o)
    0x08004496   0x08004496   0x00000002   PAD
    0x08004498   0x08004498   0x00000416   Code   RO         6840    i._printf_core      mc_w.l(printf8.o)
    0x080048ae   0x080048ae   0x00000024   Code   RO         6841    i._printf_post_padding  mc_w.l(printf8.o)
    0x080048d2   0x080048d2   0x0000002e   Code   RO         6842    i._printf_pre_padding  mc_w.l(printf8.o)
    0x08004900   0x08004900   0x00000016   Code   RO         6843    i._snputc           mc_w.l(printf8.o)
    0x08004916   0x08004916   0x0000000a   Code   RO         6844    i._sputc            mc_w.l(printf8.o)
    0x08004920   0x08004920   0x00000054   Code   RO         3025    i.app_main          app.o
    0x08004974   0x08004974   0x0000006a   Code   RO         3277    i.at_command        at.o
    0x080049de   0x080049de   0x00000002   PAD
    0x080049e0   0x080049e0   0x00000164   Code   RO         3278    i.at_install        at.o
    0x08004b44   0x08004b44   0x0000003c   Code   RO         3279    i.at_oobregister    at.o
    0x08004b80   0x08004b80   0x000000d8   Code   RO         3167    i.atio_irq          uart_at.o
    0x08004c58   0x08004c58   0x00000038   Code   RO         3084    i.bc95_atcmd        bc95.o
    0x08004c90   0x08004c90   0x0000009c   Code   RO         3085    i.bc95_csq          bc95.o
    0x08004d2c   0x08004d2c   0x00000064   Code   RO         3086    i.bc95_hex_to_str   bc95.o
    0x08004d90   0x08004d90   0x00000248   Code   RO         3087    i.bc95_init         bc95.o
    0x08004fd8   0x08004fd8   0x00000158   Code   RO         3088    i.bc95_rcvdeal      bc95.o
    0x08005130   0x08005130   0x0000000c   Code   RO         3089    i.bc95_regester_receivehandle  bc95.o
    0x0800513c   0x0800513c   0x000000ba   Code   RO         3090    i.bc95_send         bc95.o
    0x080051f6   0x080051f6   0x00000002   PAD
    0x080051f8   0x080051f8   0x00000040   Code   RO         3091    i.bc95_str_to_hex   bc95.o
    0x08005238   0x08005238   0x000000ac   Code   RO         3026    i.deal_rcvmsg       app.o
    0x080052e4   0x080052e4   0x00000028   Code   RO          248    i.delay_ms          delay.o
    0x0800530c   0x0800530c   0x0000002c   Code   RO          249    i.delay_us          delay.o
    0x08005338   0x08005338   0x00000038   Code   RO         3225    i.fgetc             uart_debug.o
    0x08005370   0x08005370   0x0000001c   Code   RO         3226    i.fputc             uart_debug.o
    0x0800538c   0x0800538c   0x00000004   Code   RO         6598    i.getc              mc_w.l(getc.o)
    0x08005390   0x08005390   0x0000006c   Code   RO         2966    i.led_display       main.o
    0x080053fc   0x080053fc   0x00000014   Code   RO         2967    i.led_off           main.o
    0x08005410   0x08005410   0x00000014   Code   RO         2968    i.led_on            main.o
    0x08005424   0x08005424   0x00000064   Code   RO         2969    i.main              main.o
    0x08005488   0x08005488   0x00000014   Code   RO         3473    i.mutex_create      mutex.o
    0x0800549c   0x0800549c   0x00000014   Code   RO         3474    i.mutex_del         mutex.o
    0x080054b0   0x080054b0   0x00000018   Code   RO         3475    i.mutex_lock        mutex.o
    0x080054c8   0x080054c8   0x00000014   Code   RO         3476    i.mutex_unlock      mutex.o
    0x080054dc   0x080054dc   0x0000010c   Code   RO         2144    i.osAlarmHeapInfo   los_heap.o
    0x080055e8   0x080055e8   0x000000b8   Code   RO         1410    i.osConvertTskStatus  los_task.o
    0x080056a0   0x080056a0   0x000000f4   Code   RO         1411    i.osGetAllTskInfo   los_task.o
    0x08005794   0x08005794   0x0000008c   Code   RO         1412    i.osGetTaskWaterLine  los_task.o
    0x08005820   0x08005820   0x00000152   Code   RO         2145    i.osHeapAlloc       los_heap.o
    0x08005972   0x08005972   0x0000005a   Code   RO         2146    i.osHeapAllocAlign  los_heap.o
    0x080059cc   0x080059cc   0x00000136   Code   RO         2147    i.osHeapFree        los_heap.o
    0x08005b02   0x08005b02   0x00000008   Code   RO         2148    i.osHeapGetHeapMemoryPeak  los_heap.o
    0x08005b0a   0x08005b0a   0x00000044   Code   RO         2150    i.osHeapInit        los_heap.o
    0x08005b4e   0x08005b4e   0x0000001a   Code   RO         2151    i.osHeapPrvGetNext  los_heap.o
    0x08005b68   0x08005b68   0x00000056   Code   RO         2152    i.osHeapStatisticsGet  los_heap.o
    0x08005bbe   0x08005bbe   0x00000002   PAD
    0x08005bc0   0x08005bc0   0x0000003c   Code   RO         2842    i.osHwiDefaultHandler  los_hwi.o
    0x08005bfc   0x08005bfc   0x0000004c   Code   RO         2843    i.osHwiInit         los_hwi.o
    0x08005c48   0x08005c48   0x00000004   Code   RO         1413    i.osIdleTask        los_task.o
    0x08005c4c   0x08005c4c   0x0000004c   Code   RO         1414    i.osIdleTaskCreate  los_task.o
    0x08005c98   0x08005c98   0x00000008   Code   RO         2844    i.osIntNumGet       los_hwi.o
    0x08005ca0   0x08005ca0   0x00000050   Code   RO         2845    i.osInterrupt       los_hwi.o
    0x08005cf0   0x08005cf0   0x00000028   Code   RO         2225    i.osMemSystemInit   los_memory.o
    0x08005d18   0x08005d18   0x00000064   Code   RO         1846    i.osMuxInit         los_mux.o
    0x08005d7c   0x08005d7c   0x0000004c   Code   RO         1220    i.osPriqueueDequeue  los_priqueue.o
    0x08005dc8   0x08005dc8   0x00000048   Code   RO         1221    i.osPriqueueEnqueue  los_priqueue.o
    0x08005e10   0x08005e10   0x00000048   Code   RO         1222    i.osPriqueueInit    los_priqueue.o
    0x08005e58   0x08005e58   0x00000028   Code   RO         1223    i.osPriqueueSize    los_priqueue.o
    0x08005e80   0x08005e80   0x00000028   Code   RO         1224    i.osPriqueueTop     los_priqueue.o
    0x08005ea8   0x08005ea8   0x00000070   Code   RO         1941    i.osQueueInit       los_queue.o
    0x08005f18   0x08005f18   0x0000000c   Code   RO         2576    i.osRegister        los_init.o
    0x08005f24   0x08005f24   0x00000008   Code   RO         2739    i.osSchedule        los_hw.o
    0x08005f2c   0x08005f2c   0x000000c2   Code   RO         2068    i.osSemCreate       los_sem.o
    0x08005fee   0x08005fee   0x00000002   PAD
    0x08005ff0   0x08005ff0   0x00000060   Code   RO         2069    i.osSemInit         los_sem.o
    0x08006050   0x08006050   0x000000c0   Code   RO         1415    i.osTaskAdd2TimerList  los_task.o
    0x08006110   0x08006110   0x00000030   Code   RO         1416    i.osTaskEntry       los_task.o
    0x08006140   0x08006140   0x00000006   Code   RO         2740    i.osTaskExit        los_hw.o
    0x08006146   0x08006146   0x00000002   PAD
    0x08006148   0x08006148   0x000000f8   Code   RO         1417    i.osTaskInit        los_task.o
    0x08006240   0x08006240   0x00000030   Code   RO         1418    i.osTaskMonInit     los_task.o
    0x08006270   0x08006270   0x00000038   Code   RO         1419    i.osTaskPriModify   los_task.o
    0x080062a8   0x080062a8   0x000000dc   Code   RO         1420    i.osTaskScan        los_task.o
    0x08006384   0x08006384   0x00000184   Code   RO         1421    i.osTaskSwitchCheck  los_task.o
    0x08006508   0x08006508   0x0000004c   Code   RO         1422    i.osTaskWait        los_task.o
    0x08006554   0x08006554   0x00000046   Code   RO         1423    i.osTaskWake        los_task.o
    0x0800659a   0x0800659a   0x00000002   PAD
    0x0800659c   0x0800659c   0x00000024   Code   RO         1683    i.osTickHandler     los_tick.o
    0x080065c0   0x080065c0   0x000000d0   Code   RO         2797    i.osTickStart       los_hw_tick.o
    0x08006690   0x08006690   0x00000048   Code   RO         1424    i.osTimerListDelete  los_task.o
    0x080066d8   0x080066d8   0x0000004c   Code   RO         1727    i.osTimesliceCheck  los_timeslice.o
    0x08006724   0x08006724   0x00000010   Code   RO         1728    i.osTimesliceInit   los_timeslice.o
    0x08006734   0x08006734   0x00000020   Code   RO         2741    i.osTskStackAlloc   los_hw.o
    0x08006754   0x08006754   0x00000094   Code   RO         2742    i.osTskStackInit    los_hw.o
    0x080067e8   0x080067e8   0x00000030   Code   RO         3671    i.os_shell_version  shell_cmd.o
    0x08006818   0x08006818   0x00000004   Code   RO         6600    i.putc              mc_w.l(putc.o)
    0x0800681c   0x0800681c   0x00000098   Code   RO         3027    i.report_light_intensity  app.o
    0x080068b4   0x080068b4   0x0000008c   Code   RO         3028    i.report_light_state  app.o
    0x08006940   0x08006940   0x000000b0   Code   RO         3029    i.report_net_csq    app.o
    0x080069f0   0x080069f0   0x0000000c   Code   RO         3515    i.ring_datalen      ring.o
    0x080069fc   0x080069fc   0x0000001c   Code   RO         3517    i.ring_init         ring.o
    0x08006a18   0x08006a18   0x000000aa   Code   RO         3518    i.ring_read         ring.o
    0x08006ac2   0x08006ac2   0x00000012   Code   RO         3519    i.ring_reset        ring.o
    0x08006ad4   0x08006ad4   0x000000ee   Code   RO         3520    i.ring_write        ring.o
    0x08006bc2   0x08006bc2   0x0000001c   Code   RO         3569    i.semp_create       sem.o
    0x08006bde   0x08006bde   0x00000014   Code   RO         3570    i.semp_del          sem.o
    0x08006bf2   0x08006bf2   0x00000018   Code   RO         3571    i.semp_pend         sem.o
    0x08006c0a   0x08006c0a   0x00000014   Code   RO         3572    i.semp_post         sem.o
    0x08006c1e   0x08006c1e   0x00000002   PAD
    0x08006c20   0x08006c20   0x00000070   Code   RO         3030    i.shell_appreport   app.o
    0x08006c90   0x08006c90   0x000000d0   Code   RO         3031    i.shell_appsend     app.o
    0x08006d60   0x08006d60   0x000000c8   Code   RO         3281    i.shell_at          at.o
    0x08006e28   0x08006e28   0x000000ec   Code   RO         3282    i.shell_atdebug     at.o
    0x08006f14   0x08006f14   0x00000080   Code   RO         3092    i.shell_bc95send    bc95.o
    0x08006f94   0x08006f94   0x0000000a   Code   RO         3732    i.shell_bell        shell_main.o
    0x08006f9e   0x08006f9e   0x0000005e   Code   RO         3733    i.shell_cachecmd    shell_main.o
    0x08006ffc   0x08006ffc   0x000000e0   Code   RO         3672    i.shell_cmd_execute  shell_cmd.o
    0x080070dc   0x080070dc   0x0000012e   Code   RO         3673    i.shell_cmd_help    shell_cmd.o
    0x0800720a   0x0800720a   0x00000002   PAD
    0x0800720c   0x0800720c   0x000000b8   Code   RO         3674    i.shell_cmd_index   shell_cmd.o
    0x080072c4   0x080072c4   0x00000028   Code   RO         3675    i.shell_cmd_init    shell_cmd.o
    0x080072ec   0x080072ec   0x00000060   Code   RO         3676    i.shell_cmd_match   shell_cmd.o
    0x0800734c   0x0800734c   0x00000010   Code   RO         3734    i.shell_get_char    shell_main.o
    0x0800735c   0x0800735c   0x0000000e   Code   RO         3819    i.shell_heapinfo    shell_test.o
    0x0800736a   0x0800736a   0x0000006e   Code   RO         3735    i.shell_insert_string  shell_main.o
    0x080073d8   0x080073d8   0x00000034   Code   RO         3736    i.shell_install     shell_main.o
    0x0800740c   0x0800740c   0x00000018   Code   RO         3737    i.shell_moves_cursor_left  shell_main.o
    0x08007424   0x08007424   0x00000034   Code   RO         3738    i.shell_moves_cursor_right  shell_main.o
    0x08007458   0x08007458   0x00000020   Code   RO         3739    i.shell_put_backspace  shell_main.o
    0x08007478   0x08007478   0x00000014   Code   RO         3740    i.shell_put_char    shell_main.o
    0x0800748c   0x0800748c   0x00000018   Code   RO         3741    i.shell_put_index   shell_main.o
    0x080074a4   0x080074a4   0x00000018   Code   RO         3742    i.shell_put_space   shell_main.o
    0x080074bc   0x080074bc   0x00000020   Code   RO         3743    i.shell_put_string  shell_main.o
    0x080074dc   0x080074dc   0x0000037c   Code   RO         3744    i.shell_server_entry  shell_main.o
    0x08007858   0x08007858   0x0000000e   Code   RO         3820    i.shell_taskinfo    shell_test.o
    0x08007866   0x08007866   0x00000076   Code   RO         3611    i.string2arg        string.o
    0x080078dc   0x080078dc   0x00000050   Code   RO         3641    i.task_create       task.o
    0x0800792c   0x0800792c   0x0000000c   Code   RO         3642    i.task_sleepms      task.o
    0x08007938   0x08007938   0x000000e8   Code   RO         3168    i.uart_at_init      uart_at.o
    0x08007a20   0x08007a20   0x000000ba   Code   RO         3169    i.uart_at_receive   uart_at.o
    0x08007ada   0x08007ada   0x00000002   PAD
    0x08007adc   0x08007adc   0x0000003c   Code   RO         3170    i.uart_at_send      uart_at.o
    0x08007b18   0x08007b18   0x000000a8   Code   RO         3227    i.uart_debug_init   uart_debug.o
    0x08007bc0   0x08007bc0   0x00000050   Code   RO         3228    i.uart_debug_irq    uart_debug.o
    0x08007c10   0x08007c10   0x00000048   Data   RO           14    .constdata          system_stm32l4xx.o
    0x08007c58   0x08007c58   0x00000818   Data   RO          499    .constdata          oled.o
    0x08008470   0x08008470   0x00000014   Data   RO         2847    .constdata          los_hwi.o
    0x08008484   0x08008484   0x00000034   Data   RO         3032    .constdata          app.o
    0x080084b8   0x080084b8   0x0000001c   Data   RO         3094    .constdata          bc95.o
    0x080084d4   0x080084d4   0x0000000d   Data   RO         3173    .constdata          uart_at.o
    0x080084e1   0x080084e1   0x0000000b   Data   RO         3284    .constdata          at.o
    0x080084ec   0x080084ec   0x00000081   Data   RO         6922    .constdata          mc_w.l(ctype_o.o)
    0x0800856d   0x0800856d   0x00000003   PAD
    0x08008570   0x08008570   0x00000004   Data   RO         6923    .constdata          mc_w.l(ctype_o.o)
    0x08008574   0x08008574   0x000000e9   Data   RO         1426    .conststring        los_task.o
    0x0800865d   0x0800865d   0x00000003   PAD
    0x08008660   0x08008660   0x00000042   Data   RO         3174    .conststring        uart_at.o
    0x080086a2   0x080086a2   0x00000002   PAD
    0x080086a4   0x080086a4   0x00000008   Data   RO         3678    .conststring        shell_cmd.o
    0x080086ac   0x080086ac   0x00000018   Data   RO         3745    .conststring        shell_main.o
    0x080086c4   0x080086c4   0x0000004f   Data   RO         3033    .conststrlit        app.o
    0x08008713   0x08008713   0x00000001   PAD
    0x08008714   0x08008714   0x0000001a   Data   RO         3095    .conststrlit        bc95.o
    0x0800872e   0x0800872e   0x00000002   PAD
    0x08008730   0x08008730   0x0000000b   Data   RO         3175    .conststrlit        uart_at.o
    0x0800873b   0x0800873b   0x00000001   PAD
    0x0800873c   0x0800873c   0x00000049   Data   RO         3285    .conststrlit        at.o
    0x08008785   0x08008785   0x00000003   PAD
    0x08008788   0x08008788   0x00000015   Data   RO         3679    .conststrlit        shell_cmd.o
    0x0800879d   0x0800879d   0x00000003   PAD
    0x080087a0   0x080087a0   0x00000015   Data   RO         3821    .conststrlit        shell_test.o
    0x080087b5   0x080087b5   0x00000003   PAD
    0x080087b8   0x080087b8   0x00000008   Data   RO            3    LOS_HEAP_INFO       los_startup_keil.o
    0x080087c0   0x080087c0   0x00000030   Data   RO         6975    Region$$Table       anon$$obj.o
    0x080087f0   0x080087f0   0x00000020   Data   RO         3035    oshell              app.o
    0x08008810   0x08008810   0x00000010   Data   RO         3096    oshell              bc95.o
    0x08008820   0x08008820   0x00000010   Data   RO         3177    oshell              uart_at.o
    0x08008830   0x08008830   0x00000020   Data   RO         3286    oshell              at.o
    0x08008850   0x08008850   0x00000020   Data   RO         3681    oshell              shell_cmd.o
    0x08008870   0x08008870   0x00000020   Data   RO         3822    oshell              shell_test.o


    Execution Region VECTOR (Exec base: 0x20000000, Load base: 0x08008890, Size: 0x00000400, Max: 0x00000400, ABSOLUTE, COMPRESSED[0x00000018])

    Exec Addr    Load Addr    Size         Type   Attr      Idx    E Section Name        Object

    0x20000000   COMPRESSED   0x00000400   Data   RW         2849    .data.vector        los_hwi.o


    Execution Region RW_IRAM1 (Exec base: 0x20000400, Load base: 0x080088a8, Size: 0x00001590, Max: 0x0000f800, ABSOLUTE, COMPRESSED[0x000000cc])

    Exec Addr    Load Addr    Size         Type   Attr      Idx    E Section Name        Object

    0x20000400   COMPRESSED   0x00000004   Data   RW           15    .data               system_stm32l4xx.o
    0x20000404   COMPRESSED   0x00000004   Data   RW          250    .data               delay.o
    0x20000408   COMPRESSED   0x00000180   Data   RW          500    .data               oled.o
    0x20000588   COMPRESSED   0x00000008   Data   RW          638    .data               bh1750.o
    0x20000590   COMPRESSED   0x00000008   Data   RW         1226    .data               los_priqueue.o
    0x20000598   COMPRESSED   0x00000048   Data   RW         1427    .data               los_task.o
    0x200005e0   COMPRESSED   0x0000001c   Data   RW         1684    .data               los_tick.o
    0x200005fc   COMPRESSED   0x00000008   Data   RW         1729    .data               los_timeslice.o
    0x20000604   COMPRESSED   0x0000000c   Data   RW         1847    .data               los_mux.o
    0x20000610   COMPRESSED   0x0000000c   Data   RW         1947    .data               los_queue.o
    0x2000061c   COMPRESSED   0x0000000c   Data   RW         2070    .data               los_sem.o
    0x20000628   COMPRESSED   0x00000004   Data   RW         2227    .data               los_memory.o
    0x2000062c   COMPRESSED   0x00000004   Data   RW         2540    .data               los_err.o
    0x20000630   COMPRESSED   0x00000004   Data   RW         2577    .data               los_init.o
    0x20000634   COMPRESSED   0x00000004   Data   RW         2848    .data               los_hwi.o
    0x20000638   COMPRESSED   0x0000000c   Data   RW         3034    .data               app.o
    0x20000644   COMPRESSED   0x00000008   Data   RW         3176    .data               uart_at.o
    0x2000064c   COMPRESSED   0x0000000c   Data   RW         3230    .data               uart_debug.o
    0x20000658   COMPRESSED   0x00000008   Data   RW         3680    .data               shell_cmd.o
    0x20000660   COMPRESSED   0x00000004   Data   RW         3746    .data               shell_main.o
    0x20000664   COMPRESSED   0x00000004   Data   RW         6602    .data               mc_w.l(stdin.o)
    0x20000668   COMPRESSED   0x00000004   Data   RW         6603    .data               mc_w.l(stdout.o)
    0x2000066c   COMPRESSED   0x00000004   Data   RW         6952    .data               mc_w.l(errno.o)
    0x20000670        -       0x0000004c   Zero   RW          296    .bss                i2c.o
    0x200006bc        -       0x00000156   Zero   RW         1425    .bss                los_task.o
    0x20000812   COMPRESSED   0x00000002   PAD
    0x20000814        -       0x00000400   Zero   RW         2846    .bss                los_hwi.o
    0x20000c14        -       0x00000110   Zero   RW         3093    .bss                bc95.o
    0x20000d24        -       0x000003ac   Zero   RW         3172    .bss                uart_at.o
    0x200010d0        -       0x00000108   Zero   RW         3229    .bss                uart_debug.o
    0x200011d8        -       0x00000364   Zero   RW         3283    .bss                at.o
    0x2000153c        -       0x00000054   Zero   RW         3677    .bss                shell_cmd.o
    0x20001590        -       0x00000400   Zero   RW            2    LOS_HEAP            los_startup_keil.o


    Execution Region ARM_LIB_STACKHEAP (Exec base: 0x2000fc00, Load base: 0x08008974, Size: 0x00000400, Max: 0x00000400, ABSOLUTE)

    Exec Addr    Load Addr    Size         Type   Attr      Idx    E Section Name        Object

    0x2000fc00        -       0x00000400   Zero   RW            1    ARM_LIB_STACKHEAP.bss  anon$$obj.o


==============================================================================

Image component sizes


      Code (inc. data)   RO Data    RW Data    ZI Data      Debug   Object Name

      1044        414        163         12          0       5487   app.o
      1712        426        116          0        868      10487   at.o
      1630        612         70          0        272       7897   bc95.o
      1070         74          0          8          0       8094   bh1750.o
       136         40          0          4          0       1650   delay.o
       344         18          0          0          0       1039   gpio.o
       204         42          0          0         76       1633   i2c.o
       258         24          0          0          0        768   los_dispatch_keil.o
        68         10          0          4          0       2406   los_err.o
      1194        248          0          0          0       7648   los_heap.o
       258         22          0          0          0       3600   los_hw.o
       208         46          0          0          0      30733   los_hw_tick.o
       420         86         20       1028       1024      41479   los_hwi.o
       316        118          0          4          0       2352   los_init.o
       402         74          0          4          0       4793   los_memory.o
        28          0          0          0          0        632   los_misc.o
      1104        208          0         12          0      16188   los_mux.o
       316         38          0          8          0      13578   los_priqueue.o
       132         16          0         12          0       4364   los_queue.o
      1054        238          0         12          0       7666   los_sem.o
        44         22          8          0       1024        280   los_startup_keil.o
        12          6          0          0          0        527   los_sys.o
      3322        602        233         72        342      29798   los_task.o
        36          6          0         28          0       1008   los_tick.o
        92         16          0          8          0       1317   los_timeslice.o
       272         54          0          0          0       5108   main.o
        84          0          0          0          0       2827   mutex.o
       962         34       2072        384          0       8997   oled.o
       466          0          0          0          0       4473   ring.o
        92          0          0          0          0       2973   sem.o
       894        254         61          8         84       5380   shell_cmd.o
      1382         62         24          4          0       9684   shell_main.o
        28          0         53          0          0       1844   shell_test.o
        96          4          0          0          0       2532   stm32l4xx_hal.o
       310         22          0          0          0      34527   stm32l4xx_hal_cortex.o
       486         28          0          0          0       3259   stm32l4xx_hal_gpio.o
       196          4          0          0          0       2847   stm32l4xx_hal_i2c.o
       212          0          0          0          0       2115   stm32l4xx_hal_i2c_ex.o
       156         18          0          0          0       1458   stm32l4xx_hal_pwr_ex.o
      2664         98          0          0          0       7464   stm32l4xx_hal_rcc.o
      1300         26          0          0          0       3020   stm32l4xx_hal_rcc_ex.o
      1846         38          0          0          0       6145   stm32l4xx_hal_uart.o
       118          0          0          0          0       1005   string.o
       240         26          0          0          0       6184   sys_init.o
        80         12         72          4          0     651325   system_stm32l4xx.o
        92          0          0          0          0       1597   task.o
       814        162        106          8        940       4596   uart_at.o
       332         88          0         12        264       3111   uart_debug.o
       284         22          0          0          0       1099   usart.o

    ----------------------------------------------------------------------
     28844       4358       3064       1636       5920     978994   Object Totals
         0          0         48          0       1024          0   (incl. Generated)
        34          0         18          0          2          0   (incl. Padding)

    ----------------------------------------------------------------------

      Code (inc. data)   RO Data    RW Data    ZI Data      Debug   Library Member Name

        86          0          0          0          0          0   __dczerorl2.o
        28          0          0          0          0         68   _chval.o
       164          0          0          0          0         92   _strtoul.o
         8          4        133          0          0         68   ctype_o.o
         0          0          0          0          0          0   entry.o
         0          0          0          0          0          0   entry10a.o
         0          0          0          0          0          0   entry11a.o
         8          4          0          0          0          0   entry3.o
         4          0          0          0          0          0   entry5.o
         0          0          0          0          0          0   entry7b.o
         0          0          0          0          0          0   entry8b.o
         8          4          0          0          0          0   entry9a.o
         8          4          0          4          0         68   errno.o
         4          0          0          0          0         68   getc.o
        30          0          0          0          0          0   handlers.o
        36          8          0          0          0         68   init.o
         0          0          0          0          0          0   iusefp.o
        30          0          0          0          0         68   llshl.o
        32          0          0          0          0         68   llushr.o
        26          0          0          0          0         80   memcmp.o
        36          0          0          0          0         68   memcpya.o
        36          0          0          0          0        108   memseta.o
      1280         64          0          0          0        656   printf8.o
         4          0          0          0          0         68   putc.o
         0          0          0          4          0          0   stdin.o
         0          0          0          4          0          0   stdout.o
        28          0          0          0          0         76   strcmp.o
        18          0          0          0          0         68   strcpy.o
        14          0          0          0          0         68   strlen.o
        30          0          0          0          0         80   strncmp.o
        24          0          0          0          0         76   strncpy.o
        36          0          0          0          0         80   strstr.o
       112          0          0          0          0         88   strtol.o
       120          0          0          0          0         92   strtoul.o
       104          0          0          0          0         92   uldiv.o
        56          0          0          0          0         88   d2f.o
       222          0          0          0          0        100   ddiv.o
       186          0          0          0          0        176   depilogue.o
        26          0          0          0          0         76   dfltui.o
       110          0          0          0          0        168   fepilogue.o

    ----------------------------------------------------------------------
      2916         88        136         12          0       2876   Library Totals
         2          0          3          0          0          0   (incl. Padding)

    ----------------------------------------------------------------------

      Code (inc. data)   RO Data    RW Data    ZI Data      Debug   Library Name

      2314         88        133         12          0       2268   mc_w.l
       600          0          0          0          0        608   mf_w.l

    ----------------------------------------------------------------------
      2916         88        136         12          0       2876   Library Totals

    ----------------------------------------------------------------------

==============================================================================


      Code (inc. data)   RO Data    RW Data    ZI Data      Debug   

     31760       4446       3200       1648       5920     957894   Grand Totals
     31760       4446       3200        228       5920     957894   ELF Image Totals (compressed)
     31760       4446       3200        228          0          0   ROM Totals

==============================================================================

    Total RO  Size (Code + RO Data)                34960 (  34.14kB)
    Total RW  Size (RW Data + ZI Data)              7568 (   7.39kB)
    Total ROM Size (Code + RO Data + RW Data)      35188 (  34.36kB)

==============================================================================

